Archive member included to satisfy reference by file (symbol)

../Core/Lib/libarm_cortexM4lf_math.a(arm_sin_f32.o)
                              ./Core/Src/main.o (arm_sin_f32)
../Core/Lib/libarm_cortexM4lf_math.a(arm_common_tables.o)
                              ../Core/Lib/libarm_cortexM4lf_math.a(arm_sin_f32.o) (sinTable_f32)
/Applications/STM32CubeIDE.app/Contents/Eclipse/plugins/com.st.stm32cube.ide.mcu.externaltools.gnu-tools-for-stm32.13.3.rel1.macos64_1.0.0.202411102158/tools/bin/../lib/gcc/arm-none-eabi/13.3.1/../../../../arm-none-eabi/lib/thumb/v7e-m+fp/hard/libc_nano.a(libc_a-exit.o)
                              /Applications/STM32CubeIDE.app/Contents/Eclipse/plugins/com.st.stm32cube.ide.mcu.externaltools.gnu-tools-for-stm32.13.3.rel1.macos64_1.0.0.202411102158/tools/bin/../lib/gcc/arm-none-eabi/13.3.1/../../../../arm-none-eabi/lib/thumb/v7e-m+fp/hard/crt0.o (exit)
/Applications/STM32CubeIDE.app/Contents/Eclipse/plugins/com.st.stm32cube.ide.mcu.externaltools.gnu-tools-for-stm32.13.3.rel1.macos64_1.0.0.202411102158/tools/bin/../lib/gcc/arm-none-eabi/13.3.1/../../../../arm-none-eabi/lib/thumb/v7e-m+fp/hard/libc_nano.a(libc_a-snprintf.o)
                              ./Core/Src/main.o (snprintf)
/Applications/STM32CubeIDE.app/Contents/Eclipse/plugins/com.st.stm32cube.ide.mcu.externaltools.gnu-tools-for-stm32.13.3.rel1.macos64_1.0.0.202411102158/tools/bin/../lib/gcc/arm-none-eabi/13.3.1/../../../../arm-none-eabi/lib/thumb/v7e-m+fp/hard/libc_nano.a(libc_a-sprintf.o)
                              ./Core/Src/main.o (sprintf)
/Applications/STM32CubeIDE.app/Contents/Eclipse/plugins/com.st.stm32cube.ide.mcu.externaltools.gnu-tools-for-stm32.13.3.rel1.macos64_1.0.0.202411102158/tools/bin/../lib/gcc/arm-none-eabi/13.3.1/../../../../arm-none-eabi/lib/thumb/v7e-m+fp/hard/libc_nano.a(libc_a-findfp.o)
                              /Applications/STM32CubeIDE.app/Contents/Eclipse/plugins/com.st.stm32cube.ide.mcu.externaltools.gnu-tools-for-stm32.13.3.rel1.macos64_1.0.0.202411102158/tools/bin/../lib/gcc/arm-none-eabi/13.3.1/../../../../arm-none-eabi/lib/thumb/v7e-m+fp/hard/libc_nano.a(libc_a-exit.o) (__stdio_exit_handler)
/Applications/STM32CubeIDE.app/Contents/Eclipse/plugins/com.st.stm32cube.ide.mcu.externaltools.gnu-tools-for-stm32.13.3.rel1.macos64_1.0.0.202411102158/tools/bin/../lib/gcc/arm-none-eabi/13.3.1/../../../../arm-none-eabi/lib/thumb/v7e-m+fp/hard/libc_nano.a(libc_a-fwalk.o)
                              /Applications/STM32CubeIDE.app/Contents/Eclipse/plugins/com.st.stm32cube.ide.mcu.externaltools.gnu-tools-for-stm32.13.3.rel1.macos64_1.0.0.202411102158/tools/bin/../lib/gcc/arm-none-eabi/13.3.1/../../../../arm-none-eabi/lib/thumb/v7e-m+fp/hard/libc_nano.a(libc_a-findfp.o) (_fwalk_sglue)
/Applications/STM32CubeIDE.app/Contents/Eclipse/plugins/com.st.stm32cube.ide.mcu.externaltools.gnu-tools-for-stm32.13.3.rel1.macos64_1.0.0.202411102158/tools/bin/../lib/gcc/arm-none-eabi/13.3.1/../../../../arm-none-eabi/lib/thumb/v7e-m+fp/hard/libc_nano.a(libc_a-printf.o)
                              ./Core/Src/wifi.o (printf)
/Applications/STM32CubeIDE.app/Contents/Eclipse/plugins/com.st.stm32cube.ide.mcu.externaltools.gnu-tools-for-stm32.13.3.rel1.macos64_1.0.0.202411102158/tools/bin/../lib/gcc/arm-none-eabi/13.3.1/../../../../arm-none-eabi/lib/thumb/v7e-m+fp/hard/libc_nano.a(libc_a-memset.o)
                              /Applications/STM32CubeIDE.app/Contents/Eclipse/plugins/com.st.stm32cube.ide.mcu.externaltools.gnu-tools-for-stm32.13.3.rel1.macos64_1.0.0.202411102158/tools/bin/../lib/gcc/arm-none-eabi/13.3.1/../../../../arm-none-eabi/lib/thumb/v7e-m+fp/hard/crt0.o (memset)
/Applications/STM32CubeIDE.app/Contents/Eclipse/plugins/com.st.stm32cube.ide.mcu.externaltools.gnu-tools-for-stm32.13.3.rel1.macos64_1.0.0.202411102158/tools/bin/../lib/gcc/arm-none-eabi/13.3.1/../../../../arm-none-eabi/lib/thumb/v7e-m+fp/hard/libc_nano.a(libc_a-strcat.o)
                              ./Core/Src/wifi.o (strcat)
/Applications/STM32CubeIDE.app/Contents/Eclipse/plugins/com.st.stm32cube.ide.mcu.externaltools.gnu-tools-for-stm32.13.3.rel1.macos64_1.0.0.202411102158/tools/bin/../lib/gcc/arm-none-eabi/13.3.1/../../../../arm-none-eabi/lib/thumb/v7e-m+fp/hard/libc_nano.a(libc_a-strchr.o)
                              ./Core/Src/wifi.o (strchr)
/Applications/STM32CubeIDE.app/Contents/Eclipse/plugins/com.st.stm32cube.ide.mcu.externaltools.gnu-tools-for-stm32.13.3.rel1.macos64_1.0.0.202411102158/tools/bin/../lib/gcc/arm-none-eabi/13.3.1/../../../../arm-none-eabi/lib/thumb/v7e-m+fp/hard/libc_nano.a(libc_a-strstr.o)
                              ./Core/Src/wifi.o (strstr)
/Applications/STM32CubeIDE.app/Contents/Eclipse/plugins/com.st.stm32cube.ide.mcu.externaltools.gnu-tools-for-stm32.13.3.rel1.macos64_1.0.0.202411102158/tools/bin/../lib/gcc/arm-none-eabi/13.3.1/../../../../arm-none-eabi/lib/thumb/v7e-m+fp/hard/libc_nano.a(libc_a-errno.o)
                              ./Core/Src/syscalls.o (__errno)
[...]
Memory Configuration

Name             Origin             Length             Attributes
RAM              0x20000000         0x000a0000         xrw
RAM2             0x10000000         0x00010000         xrw
RAM3             0x20040000         0x00060000         xrw
FLASH            0x08000000         0x00200000         xr
*default*        0x00000000         0xffffffff

Linker script and memory map

LOAD /Applications/STM32CubeIDE.app/Contents/Eclipse/plugins/com.st.stm32cube.ide.mcu.externaltools.gnu-tools-for-stm32.13.3.rel1.macos64_1.0.0.202411102158/tools/bin/../lib/gcc/arm-none-eabi/13.3.1/thumb/v7e-m+fp/hard/crti.o
LOAD /Applications/STM32CubeIDE.app/Contents/Eclipse/plugins/com.st.stm32cube.ide.mcu.externaltools.gnu-tools-for-stm32.13.3.rel1.macos64_1.0.0.202411102158/tools/bin/../lib/gcc/arm-none-eabi/13.3.1/thumb/v7e-m+fp/hard/crtbegin.o
LOAD /Applications/STM32CubeIDE.app/Contents/Eclipse/plugins/com.st.stm32cube.ide.mcu.externaltools.gnu-tools-for-stm32.13.3.rel1.macos64_1.0.0.202411102158/tools/bin/../lib/gcc/arm-none-eabi/13.3.1/../../../../arm-none-eabi/lib/thumb/v7e-m+fp/hard/crt0.o
LOAD ./Core/Src/helper_functions.o
LOAD ./Core/Src/main.o
LOAD ./Core/Src/motor.o
LOAD ./Core/Src/stm32l4s5i_iot01.o
LOAD ./Core/Src/stm32l4s5i_iot01_qspi.o
LOAD ./Core/Src/stm32l4s5i_iot01_tsensor.o
LOAD ./Core/Src/stm32l4xx_hal_msp.o
LOAD ./Core/Src/stm32l4xx_it.o
LOAD ./Core/Src/syscalls.o
LOAD ./Core/Src/sysmem.o
LOAD ./Core/Src/system_stm32l4xx.o
LOAD ./Core/Src/wifi.o
LOAD ./Core/Startup/startup_stm32l4s5vitx.o
LOAD ./Drivers/Components/cs42l51/cs42l51.o
LOAD ./Drivers/Components/cs43l22/cs43l22.o
LOAD ./Drivers/Components/cy8c4014lqi/cy8c4014lqi.o
LOAD ./Drivers/Components/ft3x67/ft3x67.o
LOAD ./Drivers/Components/ft5336/ft5336.o
LOAD ./Drivers/Components/ft6x06/ft6x06.o
LOAD ./Drivers/Components/hts221/hts221.o
LOAD ./Drivers/Components/hx8347g/hx8347g.o
LOAD ./Drivers/Components/hx8347i/hx8347i.o
LOAD ./Drivers/Components/l3gd20/l3gd20.o
LOAD ./Drivers/Components/lis3mdl/lis3mdl.o
LOAD ./Drivers/Components/lps22hb/lps22hb.o
LOAD ./Drivers/Components/ls016b8uy/ls016b8uy.o
LOAD ./Drivers/Components/lsm303c/lsm303c.o
LOAD ./Drivers/Components/lsm303dlhc/lsm303dlhc.o
LOAD ./Drivers/Components/lsm6dsl/lsm6dsl.o
LOAD ./Drivers/Components/m24sr/m24sr.o
LOAD ./Drivers/Components/mfxstm32l152/mfxstm32l152.o
LOAD ./Drivers/Components/ov9655/ov9655.o
LOAD ./Drivers/Components/st25dv/st25dv.o
LOAD ./Drivers/Components/st25dv/st25dv_reg.o
LOAD ./Drivers/Components/st7735/st7735.o
LOAD ./Drivers/Components/st7789h2/st7789h2.o
LOAD ./Drivers/Components/stmpe1600/stmpe1600.o
LOAD ./Drivers/Components/stmpe811/stmpe811.o
LOAD ./Drivers/Components/wm8994/wm8994.o
LOAD ./Drivers/STM32L4xx_HAL_Driver/Src/stm32l4xx_hal.o
LOAD ./Drivers/STM32L4xx_HAL_Driver/Src/stm32l4xx_hal_cortex.o
LOAD ./Drivers/STM32L4xx_HAL_Driver/Src/stm32l4xx_hal_dac.o
LOAD ./Drivers/STM32L4xx_HAL_Driver/Src/stm32l4xx_hal_dac_ex.o
LOAD ./Drivers/STM32L4xx_HAL_Driver/Src/stm32l4xx_hal_dma.o
LOAD ./Drivers/STM32L4xx_HAL_Driver/Src/stm32l4xx_hal_dma_ex.o
LOAD ./Drivers/STM32L4xx_HAL_Driver/Src/stm32l4xx_hal_exti.o
LOAD ./Drivers/STM32L4xx_HAL_Driver/Src/stm32l4xx_hal_flash.o
LOAD ./Drivers/STM32L4xx_HAL_Driver/Src/stm32l4xx_hal_flash_ex.o
LOAD ./Drivers/STM32L4xx_HAL_Driver/Src/stm32l4xx_hal_flash_ramfunc.o
LOAD ./Drivers/STM32L4xx_HAL_Driver/Src/stm32l4xx_hal_gpio.o
LOAD ./Drivers/STM32L4xx_HAL_Driver/Src/stm32l4xx_hal_i2c.o
LOAD ./Drivers/STM32L4xx_HAL_Driver/Src/stm32l4xx_hal_i2c_ex.o
LOAD ./Drivers/STM32L4xx_HAL_Driver/Src/stm32l4xx_hal_ospi.o
LOAD ./Drivers/STM32L4xx_HAL_Driver/Src/stm32l4xx_hal_pwr.o
LOAD ./Drivers/STM32L4xx_HAL_Driver/Src/stm32l4xx_hal_pwr_ex.o
LOAD ./Drivers/STM32L4xx_HAL_Driver/Src/stm32l4xx_hal_rcc.o
LOAD ./Drivers/STM32L4xx_HAL_Driver/Src/stm32l4xx_hal_rcc_ex.o
LOAD ./Drivers/STM32L4xx_HAL_Driver/Src/stm32l4xx_hal_spi.o
LOAD ./Drivers/STM32L4xx_HAL_Driver/Src/stm32l4xx_hal_spi_ex.o
LOAD ./Drivers/STM32L4xx_HAL_Driver/Src/stm32l4xx_hal_tim.o
LOAD ./Drivers/STM32L4xx_HAL_Driver/Src/stm32l4xx_hal_tim_ex.o
LOAD ./Drivers/STM32L4xx_HAL_Driver/Src/stm32l4xx_hal_uart.o
LOAD ./Drivers/STM32L4xx_HAL_Driver/Src/stm32l4xx_hal_uart_ex.o
LOAD ../Core/Lib/libarm_cortexM4lf_math.a
START GROUP
LOAD /Applications/STM32CubeIDE.app/Contents/Eclipse/plugins/com.st.stm32cube.ide.mcu.externaltools.gnu-tools-for-stm32.13.3.rel1.macos64_1.0.0.202411102158/tools/bin/../lib/gcc/arm-none-eabi/13.3.1/../../../../arm-none-eabi/lib/thumb/v7e-m+fp/hard/libc_nano.a
LOAD /Applications/STM32CubeIDE.app/Contents/Eclipse/plugins/com.st.stm32cube.ide.mcu.externaltools.gnu-tools-for-stm32.13.3.rel1.macos64_1.0.0.202411102158/tools/bin/../lib/gcc/arm-none-eabi/13.3.1/../../../../arm-none-eabi/lib/thumb/v7e-m+fp/hard/libm.a
END GROUP
START GROUP
LOAD /Applications/STM32CubeIDE.app/Contents/Eclipse/plugins/com.st.stm32cube.ide.mcu.externaltools.gnu-tools-for-stm32.13.3.rel1.macos64_1.0.0.202411102158/tools/bin/../lib/gcc/arm-none-eabi/13.3.1/thumb/v7e-m+fp/hard/libgcc.a
LOAD /Applications/STM32CubeIDE.app/Contents/Eclipse/plugins/com.st.stm32cube.ide.mcu.externaltools.gnu-tools-for-stm32.13.3.rel1.macos64_1.0.0.202411102158/tools/bin/../lib/gcc/arm-none-eabi/13.3.1/../../../../arm-none-eabi/lib/thumb/v7e-m+fp/hard/libc_nano.a
END GROUP
START GROUP
LOAD /Applications/STM32CubeIDE.app/Contents/Eclipse/plugins/com.st.stm32cube.ide.mcu.externaltools.gnu-tools-for-stm32.13.3.rel1.macos64_1.0.0.202411102158/tools/bin/../lib/gcc/arm-none-eabi/13.3.1/thumb/v7e-m+fp/hard/libgcc.a
LOAD /Applications/STM32CubeIDE.app/Contents/Eclipse/plugins/com.st.stm32cube.ide.mcu.externaltools.gnu-tools-for-stm32.13.3.rel1.macos64_1.0.0.202411102158/tools/bin/../lib/gcc/arm-none-eabi/13.3.1/../../../../arm-none-eabi/lib/thumb/v7e-m+fp/hard/libc_nano.a
LOAD /Applications/STM32CubeIDE.app/Contents/Eclipse/plugins/com.st.stm32cube.ide.mcu.externaltools.gnu-tools-for-stm32.13.3.rel1.macos64_1.0.0.202411102158/tools/bin/../lib/gcc/arm-none-eabi/13.3.1/../../../../arm-none-eabi/lib/thumb/v7e-m+fp/hard/libnosys.a
END GROUP
START GROUP
LOAD /Applications/STM32CubeIDE.app/Contents/Eclipse/plugins/com.st.stm32cube.ide.mcu.externaltools.gnu-tools-for-stm32.13.3.rel1.macos64_1.0.0.202411102158/tools/bin/../lib/gcc/arm-none-eabi/13.3.1/thumb/v7e-m+fp/hard/libgcc.a
LOAD /Applications/STM32CubeIDE.app/Contents/Eclipse/plugins/com.st.stm32cube.ide.mcu.externaltools.gnu-tools-for-stm32.13.3.rel1.macos64_1.0.0.202411102158/tools/bin/../lib/gcc/arm-none-eabi/13.3.1/../../../../arm-none-eabi/lib/thumb/v7e-m+fp/hard/libc_nano.a
LOAD /Applications/STM32CubeIDE.app/Contents/Eclipse/plugins/com.st.stm32cube.ide.mcu.externaltools.gnu-tools-for-stm32.13.3.rel1.macos64_1.0.0.202411102158/tools/bin/../lib/gcc/arm-none-eabi/13.3.1/../../../../arm-none-eabi/lib/thumb/v7e-m+fp/hard/libnosys.a
END GROUP
LOAD /Applications/STM32CubeIDE.app/Contents/Eclipse/plugins/com.st.stm32cube.ide.mcu.externaltools.gnu-tools-for-stm32.13.3.rel1.macos64_1.0.0.202411102158/tools/bin/../lib/gcc/arm-none-eabi/13.3.1/thumb/v7e-m+fp/hard/crtend.o
LOAD /Applications/STM32CubeIDE.app/Contents/Eclipse/plugins/com.st.stm32cube.ide.mcu.externaltools.gnu-tools-for-stm32.13.3.rel1.macos64_1.0.0.202411102158/tools/bin/../lib/gcc/arm-none-eabi/13.3.1/thumb/v7e-m+fp/hard/crtn.o
                0x200a0000                        _estack = (ORIGIN (RAM) + LENGTH (RAM))
                0x00000200                        _Min_Heap_Size = 0x200
                0x00000400                        _Min_Stack_Size = 0x400

.isr_vector     0x08000000      0x1bc
                0x08000000                        . = ALIGN (0x4)
 *(.isr_vector)
 .isr_vector    0x08000000      0x1bc ./Core/Startup/startup_stm32l4s5vitx.o
                0x08000000                g_pfnVectors
                0x080001bc                        . = ALIGN (0x4)

.text           0x080001c0     0xc2f4
                0x080001c0                        . = ALIGN (0x4)
 *(.text)
 .text          0x080001c0       0x40 /Applications/STM32CubeIDE.app/Contents/Eclipse/plugins/com.st.stm32cube.ide.mcu.externaltools.gnu-tools-for-stm32.13.3.rel1.macos64_1.0.0.202411102158/tools/bin/../lib/gcc/arm-none-eabi/13.3.1/thumb/v7e-m+fp/hard/crtbegin.o
 .text          0x08000200       0x14 /Applications/STM32CubeIDE.app/Contents/Eclipse/plugins/com.st.stm32cube.ide.mcu.externaltools.gnu-tools-for-stm32.13.3.rel1.macos64_1.0.0.202411102158/tools/bin/../lib/gcc/arm-none-eabi/13.3.1/../../../../arm-none-eabi/lib/thumb/v7e-m+fp/hard/libc_nano.a(libc_a-strcmp.o)
                0x08000200                strcmp
 .text          0x08000214       0x10 /Applications/STM32CubeIDE.app/Contents/Eclipse/plugins/com.st.stm32cube.ide.mcu.externaltools.gnu-tools-for-stm32.13.3.rel1.macos64_1.0.0.202411102158/tools/bin/../lib/gcc/arm-none-eabi/13.3.1/../../../../arm-none-eabi/lib/thumb/v7e-m+fp/hard/libc_nano.a(libc_a-strlen.o)
                0x08000214                strlen
 *fill*         0x08000224        0xc 
 .text          0x08000230       0xa0 /Applications/STM32CubeIDE.app/Contents/Eclipse/plugins/com.st.stm32cube.ide.mcu.externaltools.gnu-tools-for-stm32.13.3.rel1.macos64_1.0.0.202411102158/tools/bin/../lib/gcc/arm-none-eabi/13.3.1/../../../../arm-none-eabi/lib/thumb/v7e-m+fp/hard/libc_nano.a(libc_a-memchr.o)
                0x08000230                memchr
 .text          0x080002d0       0x30 /Applications/STM32CubeIDE.app/Contents/Eclipse/plugins/com.st.stm32cube.ide.mcu.externaltools.gnu-tools-for-stm32.13.3.rel1.macos64_1.0.0.202411102158/tools/bin/../lib/gcc/arm-none-eabi/13.3.1/thumb/v7e-m+fp/hard/libgcc.a(_aeabi_uldivmod.o)
                0x080002d0                __aeabi_uldivmod
 .text          0x08000300      0x2f8 /Applications/STM32CubeIDE.app/Contents/Eclipse/plugins/com.st.stm32cube.ide.mcu.externaltools.gnu-tools-for-stm32.13.3.rel1.macos64_1.0.0.202411102158/tools/bin/../lib/gcc/arm-none-eabi/13.3.1/thumb/v7e-m+fp/hard/libgcc.a(_udivmoddi4.o)
                0x08000300                __udivmoddi4
 .text          0x080005f8        0x4 /Applications/STM32CubeIDE.app/Contents/Eclipse/plugins/com.st.stm32cube.ide.mcu.externaltools.gnu-tools-for-stm32.13.3.rel1.macos64_1.0.0.202411102158/tools/bin/../lib/gcc/arm-none-eabi/13.3.1/thumb/v7e-m+fp/hard/libgcc.a(_dvmd_tls.o)
                0x080005f8                __aeabi_ldiv0
                0x080005f8                __aeabi_idiv0
 *(.text*)
 .text.transmit_char
                0x080005fc       0x24 ./Core/Src/helper_functions.o
 .text.receive_char
                0x08000620       0x24 ./Core/Src/helper_functions.o
 .text.__io_putchar
                0x08000644       0x1c ./Core/Src/helper_functions.o
                0x08000644                __io_putchar
 .text.__io_getchar
                0x08000660       0x20 ./Core/Src/helper_functions.o
                0x08000660                __io_getchar
 .text.getDistance
                0x08000680       0x4c ./Core/Src/main.o
                0x08000680                getDistance
 .text.WIFI_Init_main
                0x080006cc       0x70 ./Core/Src/main.o
 .text.main     0x0800073c      0x3d8 ./Core/Src/main.o
                0x0800073c                main
 .text.SystemClock_Config
                0x08000b14       0xa2 ./Core/Src/main.o
                0x08000b14                SystemClock_Config
 *fill*         0x08000bb6        0x2 
 .text.MX_DAC1_Init
                0x08000bb8       0x68 ./Core/Src/main.o
 .text.MX_I2C2_Init
                0x08000c20       0x80 ./Core/Src/main.o
 .text.MX_OCTOSPI1_Init
                0x08000ca0       0x70 ./Core/Src/main.o
 .text.MX_SPI3_Init
                0x08000d10       0x7c ./Core/Src/main.o
 .text.MX_TIM2_Init
                0x08000d8c      0x134 ./Core/Src/main.o
 .text.MX_TIM3_Init
                0x08000ec0       0xf0 ./Core/Src/main.o
 .text.MX_TIM4_Init
                0x08000fb0       0x9c ./Core/Src/main.o
 .text.MX_USART1_UART_Init
                0x0800104c       0x98 ./Core/Src/main.o
 .text.MX_DMA_Init
                0x080010e4       0x54 ./Core/Src/main.o
 .text.MX_GPIO_Init
                0x08001138      0x154 ./Core/Src/main.o
 .text.HAL_TIM_IC_CaptureCallback
                0x0800128c       0x48 ./Core/Src/main.o
                0x0800128c                HAL_TIM_IC_CaptureCallback
 .text.Error_Handler
                0x080012d4        0xc ./Core/Src/main.o
                0x080012d4                Error_Handler
 .text.stepMotor
                0x080012e0       0x64 ./Core/Src/motor.o
                0x080012e0                stepMotor
 .text.stepForward
                0x08001344       0x42 ./Core/Src/motor.o
                0x08001344                stepForward
 .text.stepBackward
                0x08001386       0x46 ./Core/Src/motor.o
                0x08001386                stepBackward
 .text.absoluteValue
                0x080013cc       0x34 ./Core/Src/motor.o
                0x080013cc                absoluteValue
 .text.stepDeg  0x08001400       0x5c ./Core/Src/motor.o
                0x08001400                stepDeg
 .text.I2Cx_MspInit
                0x0800145c       0xb0 ./Core/Src/stm32l4s5i_iot01.o
 .text.I2Cx_Init
                0x0800150c       0x5c ./Core/Src/stm32l4s5i_iot01.o
 .text.I2Cx_ReadMultiple
                0x08001568       0x5a ./Core/Src/stm32l4s5i_iot01.o
 .text.I2Cx_WriteMultiple
                0x080015c2       0x5a ./Core/Src/stm32l4s5i_iot01.o
 .text.I2Cx_Error
                0x0800161c       0x20 ./Core/Src/stm32l4s5i_iot01.o
 .text.SENSOR_IO_Init
                0x0800163c       0x14 ./Core/Src/stm32l4s5i_iot01.o
                0x0800163c                SENSOR_IO_Init
 .text.SENSOR_IO_Write
                0x08001650       0x34 ./Core/Src/stm32l4s5i_iot01.o
                0x08001650                SENSOR_IO_Write
 .text.SENSOR_IO_Read
                0x08001684       0x3c ./Core/Src/stm32l4s5i_iot01.o
                0x08001684                SENSOR_IO_Read
 .text.SENSOR_IO_ReadMultiple
                0x080016c0       0x3c ./Core/Src/stm32l4s5i_iot01.o
                0x080016c0                SENSOR_IO_ReadMultiple
 .text.BSP_QSPI_Init
                0x080016fc       0xfc ./Core/Src/stm32l4s5i_iot01_qspi.o
                0x080016fc                BSP_QSPI_Init
 .text.BSP_QSPI_Read
                0x080017f8       0xa4 ./Core/Src/stm32l4s5i_iot01_qspi.o
                0x080017f8                BSP_QSPI_Read
 .text.BSP_QSPI_Write
                0x0800189c      0x10c ./Core/Src/stm32l4s5i_iot01_qspi.o
                0x0800189c                BSP_QSPI_Write
 .text.BSP_QSPI_Erase_Block
                0x080019a8       0x94 ./Core/Src/stm32l4s5i_iot01_qspi.o
                0x080019a8                BSP_QSPI_Erase_Block
 .text.BSP_QSPI_MspInit
                0x08001a3c       0x80 ./Core/Src/stm32l4s5i_iot01_qspi.o
                0x08001a3c                BSP_QSPI_MspInit
 .text.QSPI_ResetMemory
                0x08001abc       0x8e ./Core/Src/stm32l4s5i_iot01_qspi.o
 .text.QSPI_WriteEnable
                0x08001b4a       0xb8 ./Core/Src/stm32l4s5i_iot01_qspi.o
 .text.QSPI_AutoPollingMemReady
                0x08001c02       0x96 ./Core/Src/stm32l4s5i_iot01_qspi.o
 .text.QSPI_QuadMode
                0x08001c98      0x158 ./Core/Src/stm32l4s5i_iot01_qspi.o
 .text.QSPI_HighPerfMode
                0x08001df0      0x19e ./Core/Src/stm32l4s5i_iot01_qspi.o
 *fill*         0x08001f8e        0x2 
 .text.BSP_TSENSOR_Init
                0x08001f90       0x38 ./Core/Src/stm32l4s5i_iot01_tsensor.o
                0x08001f90                BSP_TSENSOR_Init
 .text.BSP_TSENSOR_ReadTemp
                0x08001fc8       0x1c ./Core/Src/stm32l4s5i_iot01_tsensor.o
                0x08001fc8                BSP_TSENSOR_ReadTemp
 .text.HAL_MspInit
                0x08001fe4       0x48 ./Core/Src/stm32l4xx_hal_msp.o
                0x08001fe4                HAL_MspInit
 .text.HAL_DAC_MspInit
                0x0800202c       0xdc ./Core/Src/stm32l4xx_hal_msp.o
                0x0800202c                HAL_DAC_MspInit
 .text.HAL_I2C_MspInit
                0x08002108       0xbc ./Core/Src/stm32l4xx_hal_msp.o
                0x08002108                HAL_I2C_MspInit
 .text.HAL_I2C_MspDeInit
                0x080021c4       0x48 ./Core/Src/stm32l4xx_hal_msp.o
                0x080021c4                HAL_I2C_MspDeInit
 .text.HAL_OSPI_MspInit
                0x0800220c       0x80 ./Core/Src/stm32l4xx_hal_msp.o
                0x0800220c                HAL_OSPI_MspInit
 .text.HAL_OSPI_MspDeInit
                0x0800228c       0x40 ./Core/Src/stm32l4xx_hal_msp.o
                0x0800228c                HAL_OSPI_MspDeInit
 .text.HAL_SPI_MspInit
                0x080022cc       0x88 ./Core/Src/stm32l4xx_hal_msp.o
                0x080022cc                HAL_SPI_MspInit
 .text.HAL_TIM_Base_MspInit
                0x08002354       0xf4 ./Core/Src/stm32l4xx_hal_msp.o
                0x08002354                HAL_TIM_Base_MspInit
 .text.HAL_TIM_MspPostInit
                0x08002448       0x70 ./Core/Src/stm32l4xx_hal_msp.o
                0x08002448                HAL_TIM_MspPostInit
 .text.HAL_UART_MspInit
                0x080024b8       0xbc ./Core/Src/stm32l4xx_hal_msp.o
                0x080024b8                HAL_UART_MspInit
 .text.NMI_Handler
                0x08002574        0x8 ./Core/Src/stm32l4xx_it.o
                0x08002574                NMI_Handler
 .text.HardFault_Handler
                0x0800257c        0x8 ./Core/Src/stm32l4xx_it.o
                0x0800257c                HardFault_Handler
 .text.MemManage_Handler
                0x08002584        0x8 ./Core/Src/stm32l4xx_it.o
                0x08002584                MemManage_Handler
 .text.BusFault_Handler
                0x0800258c        0x8 ./Core/Src/stm32l4xx_it.o
                0x0800258c                BusFault_Handler
 .text.UsageFault_Handler
                0x08002594        0x8 ./Core/Src/stm32l4xx_it.o
                0x08002594                UsageFault_Handler
 .text.SVC_Handler
                0x0800259c        0xe ./Core/Src/stm32l4xx_it.o
                0x0800259c                SVC_Handler
 .text.DebugMon_Handler
                0x080025aa        0xe ./Core/Src/stm32l4xx_it.o
                0x080025aa                DebugMon_Handler
 .text.PendSV_Handler
                0x080025b8        0xe ./Core/Src/stm32l4xx_it.o
                0x080025b8                PendSV_Handler
 .text.SysTick_Handler
                0x080025c6        0xc ./Core/Src/stm32l4xx_it.o
                0x080025c6                SysTick_Handler
 .text.EXTI1_IRQHandler
                0x080025d2        0xe ./Core/Src/stm32l4xx_it.o
                0x080025d2                EXTI1_IRQHandler
 .text.DMA1_Channel1_IRQHandler
                0x080025e0       0x14 ./Core/Src/stm32l4xx_it.o
                0x080025e0                DMA1_Channel1_IRQHandler
 .text.TIM2_IRQHandler
                0x080025f4       0x14 ./Core/Src/stm32l4xx_it.o
                0x080025f4                TIM2_IRQHandler
 .text.TIM4_IRQHandler
                0x08002608       0x14 ./Core/Src/stm32l4xx_it.o
                0x08002608                TIM4_IRQHandler
 .text._read    0x0800261c       0x3a ./Core/Src/syscalls.o
                0x0800261c                _read
 .text._write   0x08002656       0x38 ./Core/Src/syscalls.o
                0x08002656                _write
 .text._close   0x0800268e       0x18 ./Core/Src/syscalls.o
                0x0800268e                _close
 .text._fstat   0x080026a6       0x20 ./Core/Src/syscalls.o
                0x080026a6                _fstat
 .text._isatty  0x080026c6       0x16 ./Core/Src/syscalls.o
                0x080026c6                _isatty
 .text._lseek   0x080026dc       0x1a ./Core/Src/syscalls.o
                0x080026dc                _lseek
 *fill*         0x080026f6        0x2 
 .text._sbrk    0x080026f8       0x6c ./Core/Src/sysmem.o
                0x080026f8                _sbrk
 .text.SystemInit
                0x08002764       0x24 ./Core/Src/system_stm32l4xx.o
                0x08002764                SystemInit
 .text.WIFI_SPI_Receive
                0x08002788       0x74 ./Core/Src/wifi.o
                0x08002788                WIFI_SPI_Receive
 .text.WIFI_SPI_Transmit
                0x080027fc       0xb2 ./Core/Src/wifi.o
                0x080027fc                WIFI_SPI_Transmit
 *fill*         0x080028ae        0x2 
 .text.WIFI_Init
                0x080028b0       0xf4 ./Core/Src/wifi.o
                0x080028b0                WIFI_Init
 .text.WIFI_SendATCommand
                0x080029a4       0xbc ./Core/Src/wifi.o
                0x080029a4                WIFI_SendATCommand
 .text.WIFI_JoinNetwork
                0x08002a60      0x278 ./Core/Src/wifi.o
                0x08002a60                WIFI_JoinNetwork
 .text.WIFI_SetupSocket
                0x08002cd8      0x124 ./Core/Src/wifi.o
                0x08002cd8                WIFI_SetupSocket
 .text.trimstr  0x08002dfc       0xbc ./Core/Src/wifi.o
                0x08002dfc                trimstr
 .text.Reset_Handler
                0x08002eb8       0x50 ./Core/Startup/startup_stm32l4s5vitx.o
                0x08002eb8                Reset_Handler
 .text.Default_Handler
                0x08002f08        0x2 ./Core/Startup/startup_stm32l4s5vitx.o
                0x08002f08                TIM1_BRK_TIM15_IRQHandler
                0x08002f08                EXTI2_IRQHandler
                0x08002f08                TIM8_TRG_COM_IRQHandler
                0x08002f08                TIM8_CC_IRQHandler
                0x08002f08                TIM1_CC_IRQHandler
                0x08002f08                TSC_IRQHandler
                0x08002f08                TAMP_STAMP_IRQHandler
                0x08002f08                EXTI3_IRQHandler
                0x08002f08                LPTIM2_IRQHandler
                0x08002f08                DFSDM1_FLT1_IRQHandler
                0x08002f08                GFXMMU_IRQHandler
                0x08002f08                I2C3_ER_IRQHandler
                0x08002f08                DFSDM1_FLT2_IRQHandler
                0x08002f08                EXTI0_IRQHandler
                0x08002f08                I2C2_EV_IRQHandler
                0x08002f08                CAN1_RX0_IRQHandler
                0x08002f08                FPU_IRQHandler
                0x08002f08                TIM1_UP_TIM16_IRQHandler
                0x08002f08                LTDC_ER_IRQHandler
                0x08002f08                SPI1_IRQHandler
                0x08002f08                OCTOSPI1_IRQHandler
                0x08002f08                TIM6_DAC_IRQHandler
                0x08002f08                DCMI_IRQHandler
                0x08002f08                TIM8_UP_IRQHandler
                0x08002f08                OCTOSPI2_IRQHandler
                0x08002f08                DMA2_Channel2_IRQHandler
                0x08002f08                DMA1_Channel4_IRQHandler
                0x08002f08                SAI2_IRQHandler
                0x08002f08                ADC1_IRQHandler
                0x08002f08                DFSDM1_FLT3_IRQHandler
                0x08002f08                USART3_IRQHandler
                0x08002f08                DMA1_Channel7_IRQHandler
                0x08002f08                CAN1_RX1_IRQHandler
                0x08002f08                UART5_IRQHandler
                0x08002f08                DMA2_Channel1_IRQHandler
                0x08002f08                I2C1_EV_IRQHandler
                0x08002f08                DMAMUX1_OVR_IRQHandler
                0x08002f08                DMA1_Channel6_IRQHandler
                0x08002f08                UART4_IRQHandler
                0x08002f08                DMA2_Channel4_IRQHandler
                0x08002f08                TIM3_IRQHandler
                0x08002f08                RCC_IRQHandler
                0x08002f08                Default_Handler
                0x08002f08                DMA2_Channel7_IRQHandler
                0x08002f08                EXTI15_10_IRQHandler
                0x08002f08                TIM7_IRQHandler
                0x08002f08                SDMMC1_IRQHandler
                0x08002f08                TIM5_IRQHandler
                0x08002f08                I2C3_EV_IRQHandler
                0x08002f08                EXTI9_5_IRQHandler
                0x08002f08                RTC_WKUP_IRQHandler
                0x08002f08                LTDC_IRQHandler
                0x08002f08                PVD_PVM_IRQHandler
                0x08002f08                SPI2_IRQHandler
                0x08002f08                CAN1_TX_IRQHandler
                0x08002f08                DMA2_Channel5_IRQHandler
                0x08002f08                DMA1_Channel5_IRQHandler
                0x08002f08                EXTI4_IRQHandler
                0x08002f08                RNG_IRQHandler
                0x08002f08                TIM1_TRG_COM_TIM17_IRQHandler
                0x08002f08                DMA1_Channel3_IRQHandler
                0x08002f08                COMP_IRQHandler
                0x08002f08                HASH_CRS_IRQHandler
                0x08002f08                WWDG_IRQHandler
                0x08002f08                I2C4_EV_IRQHandler
                0x08002f08                LPUART1_IRQHandler
                0x08002f08                DMA2_Channel6_IRQHandler
                0x08002f08                DMA2D_IRQHandler
                0x08002f08                AES_IRQHandler
                0x08002f08                USART2_IRQHandler
                0x08002f08                DFSDM1_FLT0_IRQHandler
                0x08002f08                I2C2_ER_IRQHandler
                0x08002f08                DMA1_Channel2_IRQHandler
                0x08002f08                TIM8_BRK_IRQHandler
                0x08002f08                CAN1_SCE_IRQHandler
                0x08002f08                FLASH_IRQHandler
                0x08002f08                USART1_IRQHandler
                0x08002f08                OTG_FS_IRQHandler
                0x08002f08                SPI3_IRQHandler
                0x08002f08                I2C1_ER_IRQHandler
                0x08002f08                FMC_IRQHandler
                0x08002f08                LPTIM1_IRQHandler
                0x08002f08                I2C4_ER_IRQHandler
                0x08002f08                SAI1_IRQHandler
                0x08002f08                DMA2_Channel3_IRQHandler
                0x08002f08                RTC_Alarm_IRQHandler
 .text.HTS221_T_Init
                0x08002f0a       0x5a ./Drivers/Components/hts221/hts221.o
                0x08002f0a                HTS221_T_Init
 .text.HTS221_T_ReadTemp
                0x08002f64      0x118 ./Drivers/Components/hts221/hts221.o
                0x08002f64                HTS221_T_ReadTemp
 .text.HAL_Init
                0x0800307c       0x30 ./Drivers/STM32L4xx_HAL_Driver/Src/stm32l4xx_hal.o
                0x0800307c                HAL_Init
 .text.HAL_InitTick
                0x080030ac       0x78 ./Drivers/STM32L4xx_HAL_Driver/Src/stm32l4xx_hal.o
                0x080030ac                HAL_InitTick
 .text.HAL_IncTick
                0x08003124       0x28 ./Drivers/STM32L4xx_HAL_Driver/Src/stm32l4xx_hal.o
                0x08003124                HAL_IncTick
 .text.HAL_GetTick
                0x0800314c       0x18 ./Drivers/STM32L4xx_HAL_Driver/Src/stm32l4xx_hal.o
                0x0800314c                HAL_GetTick
 .text.HAL_Delay
                0x08003164       0x48 ./Drivers/STM32L4xx_HAL_Driver/Src/stm32l4xx_hal.o
                0x08003164                HAL_Delay
 .text.__NVIC_SetPriorityGrouping
                0x080031ac       0x48 ./Drivers/STM32L4xx_HAL_Driver/Src/stm32l4xx_hal_cortex.o
 .text.__NVIC_GetPriorityGrouping
                0x080031f4       0x1c ./Drivers/STM32L4xx_HAL_Driver/Src/stm32l4xx_hal_cortex.o
 .text.__NVIC_EnableIRQ
                0x08003210       0x3c ./Drivers/STM32L4xx_HAL_Driver/Src/stm32l4xx_hal_cortex.o
 .text.__NVIC_SetPriority
                0x0800324c       0x54 ./Drivers/STM32L4xx_HAL_Driver/Src/stm32l4xx_hal_cortex.o
 .text.NVIC_EncodePriority
                0x080032a0       0x66 ./Drivers/STM32L4xx_HAL_Driver/Src/stm32l4xx_hal_cortex.o
 *fill*         0x08003306        0x2 
 .text.SysTick_Config
                0x08003308       0x44 ./Drivers/STM32L4xx_HAL_Driver/Src/stm32l4xx_hal_cortex.o
 .text.HAL_NVIC_SetPriorityGrouping
                0x0800334c       0x16 ./Drivers/STM32L4xx_HAL_Driver/Src/stm32l4xx_hal_cortex.o
                0x0800334c                HAL_NVIC_SetPriorityGrouping
 .text.HAL_NVIC_SetPriority
                0x08003362       0x38 ./Drivers/STM32L4xx_HAL_Driver/Src/stm32l4xx_hal_cortex.o
                0x08003362                HAL_NVIC_SetPriority
 .text.HAL_NVIC_EnableIRQ
                0x0800339a       0x1c ./Drivers/STM32L4xx_HAL_Driver/Src/stm32l4xx_hal_cortex.o
                0x0800339a                HAL_NVIC_EnableIRQ
 .text.HAL_SYSTICK_Config
                0x080033b6       0x18 ./Drivers/STM32L4xx_HAL_Driver/Src/stm32l4xx_hal_cortex.o
                0x080033b6                HAL_SYSTICK_Config
 .text.HAL_DAC_Init
                0x080033ce       0x44 ./Drivers/STM32L4xx_HAL_Driver/Src/stm32l4xx_hal_dac.o
                0x080033ce                HAL_DAC_Init
 *fill*         0x08003412        0x2 
 .text.HAL_DAC_Start_DMA
                0x08003414      0x198 ./Drivers/STM32L4xx_HAL_Driver/Src/stm32l4xx_hal_dac.o
                0x08003414                HAL_DAC_Start_DMA
 .text.HAL_DAC_Stop_DMA
                0x080035ac       0x8a ./Drivers/STM32L4xx_HAL_Driver/Src/stm32l4xx_hal_dac.o
                0x080035ac                HAL_DAC_Stop_DMA
 .text.HAL_DAC_ConvCpltCallbackCh1
                0x08003636       0x14 ./Drivers/STM32L4xx_HAL_Driver/Src/stm32l4xx_hal_dac.o
                0x08003636                HAL_DAC_ConvCpltCallbackCh1
 .text.HAL_DAC_ConvHalfCpltCallbackCh1
                0x0800364a       0x14 ./Drivers/STM32L4xx_HAL_Driver/Src/stm32l4xx_hal_dac.o
                0x0800364a                HAL_DAC_ConvHalfCpltCallbackCh1
 .text.HAL_DAC_ErrorCallbackCh1
                0x0800365e       0x14 ./Drivers/STM32L4xx_HAL_Driver/Src/stm32l4xx_hal_dac.o
                0x0800365e                HAL_DAC_ErrorCallbackCh1
 *fill*         0x08003672        0x2 
 .text.HAL_DAC_ConfigChannel
                0x08003674      0x298 ./Drivers/STM32L4xx_HAL_Driver/Src/stm32l4xx_hal_dac.o
                0x08003674                HAL_DAC_ConfigChannel
 .text.DAC_DMAConvCpltCh1
                0x0800390c       0x22 ./Drivers/STM32L4xx_HAL_Driver/Src/stm32l4xx_hal_dac.o
                0x0800390c                DAC_DMAConvCpltCh1
 .text.DAC_DMAHalfConvCpltCh1
                0x0800392e       0x1c ./Drivers/STM32L4xx_HAL_Driver/Src/stm32l4xx_hal_dac.o
                0x0800392e                DAC_DMAHalfConvCpltCh1
 .text.DAC_DMAErrorCh1
                0x0800394a       0x2e ./Drivers/STM32L4xx_HAL_Driver/Src/stm32l4xx_hal_dac.o
                0x0800394a                DAC_DMAErrorCh1
 .text.HAL_DACEx_ConvCpltCallbackCh2
                0x08003978       0x14 ./Drivers/STM32L4xx_HAL_Driver/Src/stm32l4xx_hal_dac_ex.o
                0x08003978                HAL_DACEx_ConvCpltCallbackCh2
 .text.HAL_DACEx_ConvHalfCpltCallbackCh2
                0x0800398c       0x14 ./Drivers/STM32L4xx_HAL_Driver/Src/stm32l4xx_hal_dac_ex.o
                0x0800398c                HAL_DACEx_ConvHalfCpltCallbackCh2
 .text.HAL_DACEx_ErrorCallbackCh2
                0x080039a0       0x14 ./Drivers/STM32L4xx_HAL_Driver/Src/stm32l4xx_hal_dac_ex.o
                0x080039a0                HAL_DACEx_ErrorCallbackCh2
 .text.DAC_DMAConvCpltCh2
                0x080039b4       0x22 ./Drivers/STM32L4xx_HAL_Driver/Src/stm32l4xx_hal_dac_ex.o
                0x080039b4                DAC_DMAConvCpltCh2
 .text.DAC_DMAHalfConvCpltCh2
                0x080039d6       0x1c ./Drivers/STM32L4xx_HAL_Driver/Src/stm32l4xx_hal_dac_ex.o
                0x080039d6                DAC_DMAHalfConvCpltCh2
 .text.DAC_DMAErrorCh2
                0x080039f2       0x2e ./Drivers/STM32L4xx_HAL_Driver/Src/stm32l4xx_hal_dac_ex.o
                0x080039f2                DAC_DMAErrorCh2
 .text.HAL_DMA_Init
                0x08003a20      0x150 ./Drivers/STM32L4xx_HAL_Driver/Src/stm32l4xx_hal_dma.o
                0x08003a20                HAL_DMA_Init
 .text.HAL_DMA_Start_IT
                0x08003b70       0xf6 ./Drivers/STM32L4xx_HAL_Driver/Src/stm32l4xx_hal_dma.o
                0x08003b70                HAL_DMA_Start_IT
 .text.HAL_DMA_Abort
                0x08003c66       0xb8 ./Drivers/STM32L4xx_HAL_Driver/Src/stm32l4xx_hal_dma.o
                0x08003c66                HAL_DMA_Abort
 .text.HAL_DMA_IRQHandler
                0x08003d1e      0x15e ./Drivers/STM32L4xx_HAL_Driver/Src/stm32l4xx_hal_dma.o
                0x08003d1e                HAL_DMA_IRQHandler
 .text.DMA_SetConfig
                0x08003e7c       0x7c ./Drivers/STM32L4xx_HAL_Driver/Src/stm32l4xx_hal_dma.o
 .text.DMA_CalcDMAMUXChannelBaseAndMask
                0x08003ef8       0x7c ./Drivers/STM32L4xx_HAL_Driver/Src/stm32l4xx_hal_dma.o
 .text.DMA_CalcDMAMUXRequestGenBaseAndMask
                0x08003f74       0x48 ./Drivers/STM32L4xx_HAL_Driver/Src/stm32l4xx_hal_dma.o
 .text.HAL_GPIO_Init
                0x08003fbc      0x324 ./Drivers/STM32L4xx_HAL_Driver/Src/stm32l4xx_hal_gpio.o
                0x08003fbc                HAL_GPIO_Init
 .text.HAL_GPIO_DeInit
                0x080042e0      0x1e4 ./Drivers/STM32L4xx_HAL_Driver/Src/stm32l4xx_hal_gpio.o
                0x080042e0                HAL_GPIO_DeInit
 .text.HAL_GPIO_ReadPin
                0x080044c4       0x30 ./Drivers/STM32L4xx_HAL_Driver/Src/stm32l4xx_hal_gpio.o
                0x080044c4                HAL_GPIO_ReadPin
 .text.HAL_GPIO_WritePin
                0x080044f4       0x30 ./Drivers/STM32L4xx_HAL_Driver/Src/stm32l4xx_hal_gpio.o
                0x080044f4                HAL_GPIO_WritePin
 .text.HAL_GPIO_EXTI_IRQHandler
                0x08004524       0x30 ./Drivers/STM32L4xx_HAL_Driver/Src/stm32l4xx_hal_gpio.o
                0x08004524                HAL_GPIO_EXTI_IRQHandler
 .text.HAL_GPIO_EXTI_Callback
                0x08004554       0x16 ./Drivers/STM32L4xx_HAL_Driver/Src/stm32l4xx_hal_gpio.o
                0x08004554                HAL_GPIO_EXTI_Callback
 .text.HAL_I2C_Init
                0x0800456a      0x136 ./Drivers/STM32L4xx_HAL_Driver/Src/stm32l4xx_hal_i2c.o
                0x0800456a                HAL_I2C_Init
 .text.HAL_I2C_DeInit
                0x080046a0       0x5e ./Drivers/STM32L4xx_HAL_Driver/Src/stm32l4xx_hal_i2c.o
                0x080046a0                HAL_I2C_DeInit
 *fill*         0x080046fe        0x2 
 .text.HAL_I2C_Mem_Write
                0x08004700      0x228 ./Drivers/STM32L4xx_HAL_Driver/Src/stm32l4xx_hal_i2c.o
                0x08004700                HAL_I2C_Mem_Write
 .text.HAL_I2C_Mem_Read
                0x08004928      0x234 ./Drivers/STM32L4xx_HAL_Driver/Src/stm32l4xx_hal_i2c.o
                0x08004928                HAL_I2C_Mem_Read
 .text.I2C_RequestMemoryWrite
                0x08004b5c       0xa8 ./Drivers/STM32L4xx_HAL_Driver/Src/stm32l4xx_hal_i2c.o
 .text.I2C_RequestMemoryRead
                0x08004c04       0xa8 ./Drivers/STM32L4xx_HAL_Driver/Src/stm32l4xx_hal_i2c.o
 .text.I2C_Flush_TXDR
                0x08004cac       0x48 ./Drivers/STM32L4xx_HAL_Driver/Src/stm32l4xx_hal_i2c.o
 .text.I2C_WaitOnFlagUntilTimeout
                0x08004cf4       0xb2 ./Drivers/STM32L4xx_HAL_Driver/Src/stm32l4xx_hal_i2c.o
 .text.I2C_WaitOnTXISFlagUntilTimeout
                0x08004da6       0x8e ./Drivers/STM32L4xx_HAL_Driver/Src/stm32l4xx_hal_i2c.o
 .text.I2C_WaitOnSTOPFlagUntilTimeout
                0x08004e34       0x86 ./Drivers/STM32L4xx_HAL_Driver/Src/stm32l4xx_hal_i2c.o
 *fill*         0x08004eba        0x2 
 .text.I2C_IsErrorOccurred
                0x08004ebc      0x1c0 ./Drivers/STM32L4xx_HAL_Driver/Src/stm32l4xx_hal_i2c.o
 .text.I2C_TransferConfig
                0x0800507c       0x64 ./Drivers/STM32L4xx_HAL_Driver/Src/stm32l4xx_hal_i2c.o
 .text.HAL_I2CEx_ConfigAnalogFilter
                0x080050e0       0x96 ./Drivers/STM32L4xx_HAL_Driver/Src/stm32l4xx_hal_i2c_ex.o
                0x080050e0                HAL_I2CEx_ConfigAnalogFilter
 .text.HAL_I2CEx_ConfigDigitalFilter
                0x08005176       0x98 ./Drivers/STM32L4xx_HAL_Driver/Src/stm32l4xx_hal_i2c_ex.o
                0x08005176                HAL_I2CEx_ConfigDigitalFilter
 *fill*         0x0800520e        0x2 
 .text.HAL_OSPI_Init
                0x08005210      0x154 ./Drivers/STM32L4xx_HAL_Driver/Src/stm32l4xx_hal_ospi.o
                0x08005210                HAL_OSPI_Init
 .text.HAL_OSPI_DeInit
                0x08005364       0x4e ./Drivers/STM32L4xx_HAL_Driver/Src/stm32l4xx_hal_ospi.o
                0x08005364                HAL_OSPI_DeInit
 .text.HAL_OSPI_Command
                0x080053b2      0x102 ./Drivers/STM32L4xx_HAL_Driver/Src/stm32l4xx_hal_ospi.o
                0x080053b2                HAL_OSPI_Command
 .text.HAL_OSPI_Transmit
                0x080054b4       0xe6 ./Drivers/STM32L4xx_HAL_Driver/Src/stm32l4xx_hal_ospi.o
                0x080054b4                HAL_OSPI_Transmit
 .text.HAL_OSPI_Receive
                0x0800559a      0x146 ./Drivers/STM32L4xx_HAL_Driver/Src/stm32l4xx_hal_ospi.o
                0x0800559a                HAL_OSPI_Receive
 .text.HAL_OSPI_AutoPolling
                0x080056e0      0x10e ./Drivers/STM32L4xx_HAL_Driver/Src/stm32l4xx_hal_ospi.o
                0x080056e0                HAL_OSPI_AutoPolling
 .text.HAL_OSPI_SetTimeout
                0x080057ee       0x1e ./Drivers/STM32L4xx_HAL_Driver/Src/stm32l4xx_hal_ospi.o
                0x080057ee                HAL_OSPI_SetTimeout
 .text.OSPI_WaitFlagStateUntilTimeout
                0x0800580c       0x6e ./Drivers/STM32L4xx_HAL_Driver/Src/stm32l4xx_hal_ospi.o
 *fill*         0x0800587a        0x2 
 .text.OSPI_ConfigCmd
                0x0800587c      0x2c4 ./Drivers/STM32L4xx_HAL_Driver/Src/stm32l4xx_hal_ospi.o
 .text.HAL_PWREx_GetVoltageRange
                0x08005b40       0x40 ./Drivers/STM32L4xx_HAL_Driver/Src/stm32l4xx_hal_pwr_ex.o
                0x08005b40                HAL_PWREx_GetVoltageRange
 .text.HAL_PWREx_ControlVoltageScaling
                0x08005b80      0x148 ./Drivers/STM32L4xx_HAL_Driver/Src/stm32l4xx_hal_pwr_ex.o
                0x08005b80                HAL_PWREx_ControlVoltageScaling
 .text.HAL_RCC_OscConfig
                0x08005cc8      0x834 ./Drivers/STM32L4xx_HAL_Driver/Src/stm32l4xx_hal_rcc.o
                0x08005cc8                HAL_RCC_OscConfig
 .text.HAL_RCC_ClockConfig
                0x080064fc      0x274 ./Drivers/STM32L4xx_HAL_Driver/Src/stm32l4xx_hal_rcc.o
                0x080064fc                HAL_RCC_ClockConfig
 .text.HAL_RCC_GetSysClockFreq
                0x08006770      0x118 ./Drivers/STM32L4xx_HAL_Driver/Src/stm32l4xx_hal_rcc.o
                0x08006770                HAL_RCC_GetSysClockFreq
 .text.HAL_RCC_GetHCLKFreq
                0x08006888       0x18 ./Drivers/STM32L4xx_HAL_Driver/Src/stm32l4xx_hal_rcc.o
                0x08006888                HAL_RCC_GetHCLKFreq
 .text.HAL_RCC_GetPCLK1Freq
                0x080068a0       0x2c ./Drivers/STM32L4xx_HAL_Driver/Src/stm32l4xx_hal_rcc.o
                0x080068a0                HAL_RCC_GetPCLK1Freq
 .text.HAL_RCC_GetPCLK2Freq
                0x080068cc       0x2c ./Drivers/STM32L4xx_HAL_Driver/Src/stm32l4xx_hal_rcc.o
                0x080068cc                HAL_RCC_GetPCLK2Freq
 .text.RCC_SetFlashLatencyFromMSIRange
                0x080068f8       0xb4 ./Drivers/STM32L4xx_HAL_Driver/Src/stm32l4xx_hal_rcc.o
 .text.RCC_GetSysClockFreqFromPLLSource
                0x080069ac       0xcc ./Drivers/STM32L4xx_HAL_Driver/Src/stm32l4xx_hal_rcc.o
 .text.HAL_RCCEx_PeriphCLKConfig
                0x08006a78      0x660 ./Drivers/STM32L4xx_HAL_Driver/Src/stm32l4xx_hal_rcc_ex.o
                0x08006a78                HAL_RCCEx_PeriphCLKConfig
 .text.RCCEx_PLLSAI1_Config
                0x080070d8      0x1e8 ./Drivers/STM32L4xx_HAL_Driver/Src/stm32l4xx_hal_rcc_ex.o
 .text.RCCEx_PLLSAI2_Config
                0x080072c0      0x1e8 ./Drivers/STM32L4xx_HAL_Driver/Src/stm32l4xx_hal_rcc_ex.o
 .text.HAL_SPI_Init
                0x080074a8      0x146 ./Drivers/STM32L4xx_HAL_Driver/Src/stm32l4xx_hal_spi.o
                0x080074a8                HAL_SPI_Init
 .text.HAL_SPI_Transmit
                0x080075ee      0x2ec ./Drivers/STM32L4xx_HAL_Driver/Src/stm32l4xx_hal_spi.o
                0x080075ee                HAL_SPI_Transmit
 .text.HAL_SPI_Receive
                0x080078da      0x270 ./Drivers/STM32L4xx_HAL_Driver/Src/stm32l4xx_hal_spi.o
                0x080078da                HAL_SPI_Receive
 .text.HAL_SPI_TransmitReceive
                0x08007b4a      0x43e ./Drivers/STM32L4xx_HAL_Driver/Src/stm32l4xx_hal_spi.o
                0x08007b4a                HAL_SPI_TransmitReceive
 .text.SPI_WaitFlagStateUntilTimeout
                0x08007f88      0x110 ./Drivers/STM32L4xx_HAL_Driver/Src/stm32l4xx_hal_spi.o
 .text.SPI_WaitFifoStateUntilTimeout
                0x08008098      0x12c ./Drivers/STM32L4xx_HAL_Driver/Src/stm32l4xx_hal_spi.o
 .text.SPI_EndRxTransaction
                0x080081c4       0xb0 ./Drivers/STM32L4xx_HAL_Driver/Src/stm32l4xx_hal_spi.o
 .text.SPI_EndRxTxTransaction
                0x08008274       0x8c ./Drivers/STM32L4xx_HAL_Driver/Src/stm32l4xx_hal_spi.o
 .text.HAL_TIM_Base_Init
                0x08008300       0xae ./Drivers/STM32L4xx_HAL_Driver/Src/stm32l4xx_hal_tim.o
                0x08008300                HAL_TIM_Base_Init
 *fill*         0x080083ae        0x2 
 .text.HAL_TIM_Base_Start
                0x080083b0       0xd0 ./Drivers/STM32L4xx_HAL_Driver/Src/stm32l4xx_hal_tim.o
                0x080083b0                HAL_TIM_Base_Start
 .text.HAL_TIM_PWM_Init
                0x08008480       0xae ./Drivers/STM32L4xx_HAL_Driver/Src/stm32l4xx_hal_tim.o
                0x08008480                HAL_TIM_PWM_Init
 .text.HAL_TIM_PWM_MspInit
                0x0800852e       0x14 ./Drivers/STM32L4xx_HAL_Driver/Src/stm32l4xx_hal_tim.o
                0x0800852e                HAL_TIM_PWM_MspInit
 *fill*         0x08008542        0x2 
 .text.HAL_TIM_PWM_Start
                0x08008544      0x20c ./Drivers/STM32L4xx_HAL_Driver/Src/stm32l4xx_hal_tim.o
                0x08008544                HAL_TIM_PWM_Start
 .text.HAL_TIM_IC_Init
                0x08008750       0xae ./Drivers/STM32L4xx_HAL_Driver/Src/stm32l4xx_hal_tim.o
                0x08008750                HAL_TIM_IC_Init
 .text.HAL_TIM_IC_MspInit
                0x080087fe       0x14 ./Drivers/STM32L4xx_HAL_Driver/Src/stm32l4xx_hal_tim.o
                0x080087fe                HAL_TIM_IC_MspInit
 *fill*         0x08008812        0x2 
 .text.HAL_TIM_IC_Start
                0x08008814      0x1f8 ./Drivers/STM32L4xx_HAL_Driver/Src/stm32l4xx_hal_tim.o
                0x08008814                HAL_TIM_IC_Start
 .text.HAL_TIM_IC_Start_IT
                0x08008a0c      0x294 ./Drivers/STM32L4xx_HAL_Driver/Src/stm32l4xx_hal_tim.o
                0x08008a0c                HAL_TIM_IC_Start_IT
 .text.HAL_TIM_IRQHandler
                0x08008ca0      0x20e ./Drivers/STM32L4xx_HAL_Driver/Src/stm32l4xx_hal_tim.o
                0x08008ca0                HAL_TIM_IRQHandler
 .text.HAL_TIM_IC_ConfigChannel
                0x08008eae      0x138 ./Drivers/STM32L4xx_HAL_Driver/Src/stm32l4xx_hal_tim.o
                0x08008eae                HAL_TIM_IC_ConfigChannel
 *fill*         0x08008fe6        0x2 
 .text.HAL_TIM_PWM_ConfigChannel
                0x08008fe8      0x228 ./Drivers/STM32L4xx_HAL_Driver/Src/stm32l4xx_hal_tim.o
                0x08008fe8                HAL_TIM_PWM_ConfigChannel
 .text.HAL_TIM_ConfigClockSource
                0x08009210      0x192 ./Drivers/STM32L4xx_HAL_Driver/Src/stm32l4xx_hal_tim.o
                0x08009210                HAL_TIM_ConfigClockSource
 .text.HAL_TIM_SlaveConfigSynchro
                0x080093a2       0x84 ./Drivers/STM32L4xx_HAL_Driver/Src/stm32l4xx_hal_tim.o
                0x080093a2                HAL_TIM_SlaveConfigSynchro
 .text.HAL_TIM_PeriodElapsedCallback
                0x08009426       0x14 ./Drivers/STM32L4xx_HAL_Driver/Src/stm32l4xx_hal_tim.o
                0x08009426                HAL_TIM_PeriodElapsedCallback
 .text.HAL_TIM_OC_DelayElapsedCallback
                0x0800943a       0x14 ./Drivers/STM32L4xx_HAL_Driver/Src/stm32l4xx_hal_tim.o
                0x0800943a                HAL_TIM_OC_DelayElapsedCallback
 .text.HAL_TIM_PWM_PulseFinishedCallback
                0x0800944e       0x14 ./Drivers/STM32L4xx_HAL_Driver/Src/stm32l4xx_hal_tim.o
                0x0800944e                HAL_TIM_PWM_PulseFinishedCallback
 .text.HAL_TIM_TriggerCallback
                0x08009462       0x14 ./Drivers/STM32L4xx_HAL_Driver/Src/stm32l4xx_hal_tim.o
                0x08009462                HAL_TIM_TriggerCallback
 *fill*         0x08009476        0x2 
 .text.TIM_Base_SetConfig
                0x08009478      0x14c ./Drivers/STM32L4xx_HAL_Driver/Src/stm32l4xx_hal_tim.o
                0x08009478                TIM_Base_SetConfig
 .text.TIM_OC1_SetConfig
                0x080095c4      0x120 ./Drivers/STM32L4xx_HAL_Driver/Src/stm32l4xx_hal_tim.o
 .text.TIM_OC2_SetConfig
                0x080096e4      0x114 ./Drivers/STM32L4xx_HAL_Driver/Src/stm32l4xx_hal_tim.o
                0x080096e4                TIM_OC2_SetConfig
 .text.TIM_OC3_SetConfig
                0x080097f8      0x110 ./Drivers/STM32L4xx_HAL_Driver/Src/stm32l4xx_hal_tim.o
 .text.TIM_OC4_SetConfig
                0x08009908       0xd4 ./Drivers/STM32L4xx_HAL_Driver/Src/stm32l4xx_hal_tim.o
 .text.TIM_OC5_SetConfig
                0x080099dc       0xc8 ./Drivers/STM32L4xx_HAL_Driver/Src/stm32l4xx_hal_tim.o
 .text.TIM_OC6_SetConfig
                0x08009aa4       0xcc ./Drivers/STM32L4xx_HAL_Driver/Src/stm32l4xx_hal_tim.o
 .text.TIM_SlaveTimer_SetConfig
                0x08009b70      0x126 ./Drivers/STM32L4xx_HAL_Driver/Src/stm32l4xx_hal_tim.o
 *fill*         0x08009c96        0x2 
 .text.TIM_TI1_SetConfig
                0x08009c98       0xdc ./Drivers/STM32L4xx_HAL_Driver/Src/stm32l4xx_hal_tim.o
                0x08009c98                TIM_TI1_SetConfig
 .text.TIM_TI1_ConfigInputStage
                0x08009d74       0x5e ./Drivers/STM32L4xx_HAL_Driver/Src/stm32l4xx_hal_tim.o
 .text.TIM_TI2_SetConfig
                0x08009dd2       0x7a ./Drivers/STM32L4xx_HAL_Driver/Src/stm32l4xx_hal_tim.o
 .text.TIM_TI2_ConfigInputStage
                0x08009e4c       0x60 ./Drivers/STM32L4xx_HAL_Driver/Src/stm32l4xx_hal_tim.o
 .text.TIM_TI3_SetConfig
                0x08009eac       0x78 ./Drivers/STM32L4xx_HAL_Driver/Src/stm32l4xx_hal_tim.o
 .text.TIM_TI4_SetConfig
                0x08009f24       0x7a ./Drivers/STM32L4xx_HAL_Driver/Src/stm32l4xx_hal_tim.o
 .text.TIM_ITRx_SetConfig
                0x08009f9e       0x36 ./Drivers/STM32L4xx_HAL_Driver/Src/stm32l4xx_hal_tim.o
 .text.TIM_ETR_SetConfig
                0x08009fd4       0x40 ./Drivers/STM32L4xx_HAL_Driver/Src/stm32l4xx_hal_tim.o
                0x08009fd4                TIM_ETR_SetConfig
 .text.TIM_CCxChannelCmd
                0x0800a014       0x4a ./Drivers/STM32L4xx_HAL_Driver/Src/stm32l4xx_hal_tim.o
                0x0800a014                TIM_CCxChannelCmd
 *fill*         0x0800a05e        0x2 
 .text.HAL_TIMEx_MasterConfigSynchronization
                0x0800a060      0x110 ./Drivers/STM32L4xx_HAL_Driver/Src/stm32l4xx_hal_tim_ex.o
                0x0800a060                HAL_TIMEx_MasterConfigSynchronization
 .text.HAL_TIMEx_CommutCallback
                0x0800a170       0x14 ./Drivers/STM32L4xx_HAL_Driver/Src/stm32l4xx_hal_tim_ex.o
                0x0800a170                HAL_TIMEx_CommutCallback
 .text.HAL_TIMEx_BreakCallback
                0x0800a184       0x14 ./Drivers/STM32L4xx_HAL_Driver/Src/stm32l4xx_hal_tim_ex.o
                0x0800a184                HAL_TIMEx_BreakCallback
 .text.HAL_TIMEx_Break2Callback
                0x0800a198       0x14 ./Drivers/STM32L4xx_HAL_Driver/Src/stm32l4xx_hal_tim_ex.o
                0x0800a198                HAL_TIMEx_Break2Callback
 .text.HAL_UART_Init
                0x0800a1ac       0xa0 ./Drivers/STM32L4xx_HAL_Driver/Src/stm32l4xx_hal_uart.o
                0x0800a1ac                HAL_UART_Init
 .text.HAL_UART_Transmit
                0x0800a24c      0x11c ./Drivers/STM32L4xx_HAL_Driver/Src/stm32l4xx_hal_uart.o
                0x0800a24c                HAL_UART_Transmit
 .text.HAL_UART_Receive
                0x0800a368      0x192 ./Drivers/STM32L4xx_HAL_Driver/Src/stm32l4xx_hal_uart.o
                0x0800a368                HAL_UART_Receive
 *fill*         0x0800a4fa        0x2 
 .text.UART_SetConfig
                0x0800a4fc      0x5f8 ./Drivers/STM32L4xx_HAL_Driver/Src/stm32l4xx_hal_uart.o
                0x0800a4fc                UART_SetConfig
 .text.UART_AdvFeatureConfig
                0x0800aaf4      0x144 ./Drivers/STM32L4xx_HAL_Driver/Src/stm32l4xx_hal_uart.o
                0x0800aaf4                UART_AdvFeatureConfig
 .text.UART_CheckIdleState
                0x0800ac38      0x154 ./Drivers/STM32L4xx_HAL_Driver/Src/stm32l4xx_hal_uart.o
                0x0800ac38                UART_CheckIdleState
 .text.UART_WaitOnFlagUntilTimeout
                0x0800ad8c       0xda ./Drivers/STM32L4xx_HAL_Driver/Src/stm32l4xx_hal_uart.o
                0x0800ad8c                UART_WaitOnFlagUntilTimeout
 .text.UART_EndRxTransfer
                0x0800ae66       0xcc ./Drivers/STM32L4xx_HAL_Driver/Src/stm32l4xx_hal_uart.o
 .text.HAL_UARTEx_DisableFifoMode
                0x0800af32       0x72 ./Drivers/STM32L4xx_HAL_Driver/Src/stm32l4xx_hal_uart_ex.o
                0x0800af32                HAL_UARTEx_DisableFifoMode
 .text.HAL_UARTEx_SetTxFifoThreshold
                0x0800afa4       0x7c ./Drivers/STM32L4xx_HAL_Driver/Src/stm32l4xx_hal_uart_ex.o
                0x0800afa4                HAL_UARTEx_SetTxFifoThreshold
 .text.HAL_UARTEx_SetRxFifoThreshold
                0x0800b020       0x7c ./Drivers/STM32L4xx_HAL_Driver/Src/stm32l4xx_hal_uart_ex.o
                0x0800b020                HAL_UARTEx_SetRxFifoThreshold
 .text.UARTEx_SetNbDataToProcess
                0x0800b09c       0x9c ./Drivers/STM32L4xx_HAL_Driver/Src/stm32l4xx_hal_uart_ex.o
 .text.arm_sin_f32
                0x0800b138       0x8c ../Core/Lib/libarm_cortexM4lf_math.a(arm_sin_f32.o)
                0x0800b138                arm_sin_f32
 .text.snprintf
                0x0800b1c4       0x6c /Applications/STM32CubeIDE.app/Contents/Eclipse/plugins/com.st.stm32cube.ide.mcu.externaltools.gnu-tools-for-stm32.13.3.rel1.macos64_1.0.0.202411102158/tools/bin/../lib/gcc/arm-none-eabi/13.3.1/../../../../arm-none-eabi/lib/thumb/v7e-m+fp/hard/libc_nano.a(libc_a-snprintf.o)
                0x0800b1c4                snprintf
                0x0800b1c4                sniprintf
 .text.sprintf  0x0800b230       0x44 /Applications/STM32CubeIDE.app/Contents/Eclipse/plugins/com.st.stm32cube.ide.mcu.externaltools.gnu-tools-for-stm32.13.3.rel1.macos64_1.0.0.202411102158/tools/bin/../lib/gcc/arm-none-eabi/13.3.1/../../../../arm-none-eabi/lib/thumb/v7e-m+fp/hard/libc_nano.a(libc_a-sprintf.o)
                0x0800b230                sprintf
                0x0800b230                siprintf
 .text.std      0x0800b274       0x6c /Applications/STM32CubeIDE.app/Contents/Eclipse/plugins/com.st.stm32cube.ide.mcu.externaltools.gnu-tools-for-stm32.13.3.rel1.macos64_1.0.0.202411102158/tools/bin/../lib/gcc/arm-none-eabi/13.3.1/../../../../arm-none-eabi/lib/thumb/v7e-m+fp/hard/libc_nano.a(libc_a-findfp.o)
 .text.stdio_exit_handler
                0x0800b2e0       0x18 /Applications/STM32CubeIDE.app/Contents/Eclipse/plugins/com.st.stm32cube.ide.mcu.externaltools.gnu-tools-for-stm32.13.3.rel1.macos64_1.0.0.202411102158/tools/bin/../lib/gcc/arm-none-eabi/13.3.1/../../../../arm-none-eabi/lib/thumb/v7e-m+fp/hard/libc_nano.a(libc_a-findfp.o)
 .text.cleanup_stdio
                0x0800b2f8       0x40 /Applications/STM32CubeIDE.app/Contents/Eclipse/plugins/com.st.stm32cube.ide.mcu.externaltools.gnu-tools-for-stm32.13.3.rel1.macos64_1.0.0.202411102158/tools/bin/../lib/gcc/arm-none-eabi/13.3.1/../../../../arm-none-eabi/lib/thumb/v7e-m+fp/hard/libc_nano.a(libc_a-findfp.o)
 .text.global_stdio_init.part.0
                0x0800b338       0x3c /Applications/STM32CubeIDE.app/Contents/Eclipse/plugins/com.st.stm32cube.ide.mcu.externaltools.gnu-tools-for-stm32.13.3.rel1.macos64_1.0.0.202411102158/tools/bin/../lib/gcc/arm-none-eabi/13.3.1/../../../../arm-none-eabi/lib/thumb/v7e-m+fp/hard/libc_nano.a(libc_a-findfp.o)
 .text.__sfp_lock_acquire
                0x0800b374        0xc /Applications/STM32CubeIDE.app/Contents/Eclipse/plugins/com.st.stm32cube.ide.mcu.externaltools.gnu-tools-for-stm32.13.3.rel1.macos64_1.0.0.202411102158/tools/bin/../lib/gcc/arm-none-eabi/13.3.1/../../../../arm-none-eabi/lib/thumb/v7e-m+fp/hard/libc_nano.a(libc_a-findfp.o)
                0x0800b374                __sfp_lock_acquire
 .text.__sfp_lock_release
                0x0800b380        0xc /Applications/STM32CubeIDE.app/Contents/Eclipse/plugins/com.st.stm32cube.ide.mcu.externaltools.gnu-tools-for-stm32.13.3.rel1.macos64_1.0.0.202411102158/tools/bin/../lib/gcc/arm-none-eabi/13.3.1/../../../../arm-none-eabi/lib/thumb/v7e-m+fp/hard/libc_nano.a(libc_a-findfp.o)
                0x0800b380                __sfp_lock_release
 .text.__sinit  0x0800b38c       0x30 /Applications/STM32CubeIDE.app/Contents/Eclipse/plugins/com.st.stm32cube.ide.mcu.externaltools.gnu-tools-for-stm32.13.3.rel1.macos64_1.0.0.202411102158/tools/bin/../lib/gcc/arm-none-eabi/13.3.1/../../../../arm-none-eabi/lib/thumb/v7e-m+fp/hard/libc_nano.a(libc_a-findfp.o)
                0x0800b38c                __sinit
 .text._fwalk_sglue
                0x0800b3bc       0x3c /Applications/STM32CubeIDE.app/Contents/Eclipse/plugins/com.st.stm32cube.ide.mcu.externaltools.gnu-tools-for-stm32.13.3.rel1.macos64_1.0.0.202411102158/tools/bin/../lib/gcc/arm-none-eabi/13.3.1/../../../../arm-none-eabi/lib/thumb/v7e-m+fp/hard/libc_nano.a(libc_a-fwalk.o)
                0x0800b3bc                _fwalk_sglue
 .text.printf   0x0800b3f8       0x24 /Applications/STM32CubeIDE.app/Contents/Eclipse/plugins/com.st.stm32cube.ide.mcu.externaltools.gnu-tools-for-stm32.13.3.rel1.macos64_1.0.0.202411102158/tools/bin/../lib/gcc/arm-none-eabi/13.3.1/../../../../arm-none-eabi/lib/thumb/v7e-m+fp/hard/libc_nano.a(libc_a-printf.o)
                0x0800b3f8                printf
                0x0800b3f8                iprintf
 .text.memset   0x0800b41c       0x10 /Applications/STM32CubeIDE.app/Contents/Eclipse/plugins/com.st.stm32cube.ide.mcu.externaltools.gnu-tools-for-stm32.13.3.rel1.macos64_1.0.0.202411102158/tools/bin/../lib/gcc/arm-none-eabi/13.3.1/../../../../arm-none-eabi/lib/thumb/v7e-m+fp/hard/libc_nano.a(libc_a-memset.o)
                0x0800b41c                memset
 .text.strcat   0x0800b42c       0x1e /Applications/STM32CubeIDE.app/Contents/Eclipse/plugins/com.st.stm32cube.ide.mcu.externaltools.gnu-tools-for-stm32.13.3.rel1.macos64_1.0.0.202411102158/tools/bin/../lib/gcc/arm-none-eabi/13.3.1/../../../../arm-none-eabi/lib/thumb/v7e-m+fp/hard/libc_nano.a(libc_a-strcat.o)
                0x0800b42c                strcat
 .text.strchr   0x0800b44a       0x1a /Applications/STM32CubeIDE.app/Contents/Eclipse/plugins/com.st.stm32cube.ide.mcu.externaltools.gnu-tools-for-stm32.13.3.rel1.macos64_1.0.0.202411102158/tools/bin/../lib/gcc/arm-none-eabi/13.3.1/../../../../arm-none-eabi/lib/thumb/v7e-m+fp/hard/libc_nano.a(libc_a-strchr.o)
                0x0800b44a                strchr
 .text.strstr   0x0800b464       0x2c /Applications/STM32CubeIDE.app/Contents/Eclipse/plugins/com.st.stm32cube.ide.mcu.externaltools.gnu-tools-for-stm32.13.3.rel1.macos64_1.0.0.202411102158/tools/bin/../lib/gcc/arm-none-eabi/13.3.1/../../../../arm-none-eabi/lib/thumb/v7e-m+fp/hard/libc_nano.a(libc_a-strstr.o)
                0x0800b464                strstr
 .text.__errno  0x0800b490        0xc /Applications/STM32CubeIDE.app/Contents/Eclipse/plugins/com.st.stm32cube.ide.mcu.externaltools.gnu-tools-for-stm32.13.3.rel1.macos64_1.0.0.202411102158/tools/bin/../lib/gcc/arm-none-eabi/13.3.1/../../../../arm-none-eabi/lib/thumb/v7e-m+fp/hard/libc_nano.a(libc_a-errno.o)
                0x0800b490                __errno
 .text.__libc_init_array
                0x0800b49c       0x48 /Applications/STM32CubeIDE.app/Contents/Eclipse/plugins/com.st.stm32cube.ide.mcu.externaltools.gnu-tools-for-stm32.13.3.rel1.macos64_1.0.0.202411102158/tools/bin/../lib/gcc/arm-none-eabi/13.3.1/../../../../arm-none-eabi/lib/thumb/v7e-m+fp/hard/libc_nano.a(libc_a-init.o)
                0x0800b49c                __libc_init_array
 .text.__retarget_lock_init_recursive
                0x0800b4e4        0x2 /Applications/STM32CubeIDE.app/Contents/Eclipse/plugins/com.st.stm32cube.ide.mcu.externaltools.gnu-tools-for-stm32.13.3.rel1.macos64_1.0.0.202411102158/tools/bin/../lib/gcc/arm-none-eabi/13.3.1/../../../../arm-none-eabi/lib/thumb/v7e-m+fp/hard/libc_nano.a(libc_a-lock.o)
                0x0800b4e4                __retarget_lock_init_recursive
 .text.__retarget_lock_acquire_recursive
                0x0800b4e6        0x2 /Applications/STM32CubeIDE.app/Contents/Eclipse/plugins/com.st.stm32cube.ide.mcu.externaltools.gnu-tools-for-stm32.13.3.rel1.macos64_1.0.0.202411102158/tools/bin/../lib/gcc/arm-none-eabi/13.3.1/../../../../arm-none-eabi/lib/thumb/v7e-m+fp/hard/libc_nano.a(libc_a-lock.o)
                0x0800b4e6                __retarget_lock_acquire_recursive
 .text.__retarget_lock_release_recursive
                0x0800b4e8        0x2 /Applications/STM32CubeIDE.app/Contents/Eclipse/plugins/com.st.stm32cube.ide.mcu.externaltools.gnu-tools-for-stm32.13.3.rel1.macos64_1.0.0.202411102158/tools/bin/../lib/gcc/arm-none-eabi/13.3.1/../../../../arm-none-eabi/lib/thumb/v7e-m+fp/hard/libc_nano.a(libc_a-lock.o)
                0x0800b4e8                __retarget_lock_release_recursive
 .text.memcpy   0x0800b4ea       0x1c /Applications/STM32CubeIDE.app/Contents/Eclipse/plugins/com.st.stm32cube.ide.mcu.externaltools.gnu-tools-for-stm32.13.3.rel1.macos64_1.0.0.202411102158/tools/bin/../lib/gcc/arm-none-eabi/13.3.1/../../../../arm-none-eabi/lib/thumb/v7e-m+fp/hard/libc_nano.a(libc_a-memcpy-stub.o)
                0x0800b4ea                memcpy
 .text.__ssputs_r
                0x0800b506       0xb6 /Applications/STM32CubeIDE.app/Contents/Eclipse/plugins/com.st.stm32cube.ide.mcu.externaltools.gnu-tools-for-stm32.13.3.rel1.macos64_1.0.0.202411102158/tools/bin/../lib/gcc/arm-none-eabi/13.3.1/../../../../arm-none-eabi/lib/thumb/v7e-m+fp/hard/libc_nano.a(libc_a-nano-svfprintf.o)
                0x0800b506                __ssputs_r
 .text._svfprintf_r
                0x0800b5bc      0x1f8 /Applications/STM32CubeIDE.app/Contents/Eclipse/plugins/com.st.stm32cube.ide.mcu.externaltools.gnu-tools-for-stm32.13.3.rel1.macos64_1.0.0.202411102158/tools/bin/../lib/gcc/arm-none-eabi/13.3.1/../../../../arm-none-eabi/lib/thumb/v7e-m+fp/hard/libc_nano.a(libc_a-nano-svfprintf.o)
                0x0800b5bc                _svfprintf_r
                0x0800b5bc                _svfiprintf_r
 .text.__sfputc_r
                0x0800b7b4       0x2e /Applications/STM32CubeIDE.app/Contents/Eclipse/plugins/com.st.stm32cube.ide.mcu.externaltools.gnu-tools-for-stm32.13.3.rel1.macos64_1.0.0.202411102158/tools/bin/../lib/gcc/arm-none-eabi/13.3.1/../../../../arm-none-eabi/lib/thumb/v7e-m+fp/hard/libc_nano.a(libc_a-nano-vfprintf.o)
 .text.__sfputs_r
                0x0800b7e2       0x24 /Applications/STM32CubeIDE.app/Contents/Eclipse/plugins/com.st.stm32cube.ide.mcu.externaltools.gnu-tools-for-stm32.13.3.rel1.macos64_1.0.0.202411102158/tools/bin/../lib/gcc/arm-none-eabi/13.3.1/../../../../arm-none-eabi/lib/thumb/v7e-m+fp/hard/libc_nano.a(libc_a-nano-vfprintf.o)
                0x0800b7e2                __sfputs_r
 *fill*         0x0800b806        0x2 
 .text._vfprintf_r
                0x0800b808      0x230 /Applications/STM32CubeIDE.app/Contents/Eclipse/plugins/com.st.stm32cube.ide.mcu.externaltools.gnu-tools-for-stm32.13.3.rel1.macos64_1.0.0.202411102158/tools/bin/../lib/gcc/arm-none-eabi/13.3.1/../../../../arm-none-eabi/lib/thumb/v7e-m+fp/hard/libc_nano.a(libc_a-nano-vfprintf.o)
                0x0800b808                _vfiprintf_r
                0x0800b808                _vfprintf_r
 .text.sbrk_aligned
                0x0800ba38       0x44 /Applications/STM32CubeIDE.app/Contents/Eclipse/plugins/com.st.stm32cube.ide.mcu.externaltools.gnu-tools-for-stm32.13.3.rel1.macos64_1.0.0.202411102158/tools/bin/../lib/gcc/arm-none-eabi/13.3.1/../../../../arm-none-eabi/lib/thumb/v7e-m+fp/hard/libc_nano.a(libc_a-mallocr.o)
 .text._malloc_r
                0x0800ba7c      0x100 /Applications/STM32CubeIDE.app/Contents/Eclipse/plugins/com.st.stm32cube.ide.mcu.externaltools.gnu-tools-for-stm32.13.3.rel1.macos64_1.0.0.202411102158/tools/bin/../lib/gcc/arm-none-eabi/13.3.1/../../../../arm-none-eabi/lib/thumb/v7e-m+fp/hard/libc_nano.a(libc_a-mallocr.o)
                0x0800ba7c                _malloc_r
 .text._printf_common
                0x0800bb7c       0xda /Applications/STM32CubeIDE.app/Contents/Eclipse/plugins/com.st.stm32cube.ide.mcu.externaltools.gnu-tools-for-stm32.13.3.rel1.macos64_1.0.0.202411102158/tools/bin/../lib/gcc/arm-none-eabi/13.3.1/../../../../arm-none-eabi/lib/thumb/v7e-m+fp/hard/libc_nano.a(libc_a-nano-vfprintf_i.o)
                0x0800bb7c                _printf_common
 *fill*         0x0800bc56        0x2 
 .text._printf_i
                0x0800bc58      0x23c /Applications/STM32CubeIDE.app/Contents/Eclipse/plugins/com.st.stm32cube.ide.mcu.externaltools.gnu-tools-for-stm32.13.3.rel1.macos64_1.0.0.202411102158/tools/bin/../lib/gcc/arm-none-eabi/13.3.1/../../../../arm-none-eabi/lib/thumb/v7e-m+fp/hard/libc_nano.a(libc_a-nano-vfprintf_i.o)
                0x0800bc58                _printf_i
 .text.__sflush_r
                0x0800be94      0x108 /Applications/STM32CubeIDE.app/Contents/Eclipse/plugins/com.st.stm32cube.ide.mcu.externaltools.gnu-tools-for-stm32.13.3.rel1.macos64_1.0.0.202411102158/tools/bin/../lib/gcc/arm-none-eabi/13.3.1/../../../../arm-none-eabi/lib/thumb/v7e-m+fp/hard/libc_nano.a(libc_a-fflush.o)
                0x0800be94                __sflush_r
 .text._fflush_r
                0x0800bf9c       0x50 /Applications/STM32CubeIDE.app/Contents/Eclipse/plugins/com.st.stm32cube.ide.mcu.externaltools.gnu-tools-for-stm32.13.3.rel1.macos64_1.0.0.202411102158/tools/bin/../lib/gcc/arm-none-eabi/13.3.1/../../../../arm-none-eabi/lib/thumb/v7e-m+fp/hard/libc_nano.a(libc_a-fflush.o)
                0x0800bf9c                _fflush_r
 .text.__malloc_lock
                0x0800bfec        0xc /Applications/STM32CubeIDE.app/Contents/Eclipse/plugins/com.st.stm32cube.ide.mcu.externaltools.gnu-tools-for-stm32.13.3.rel1.macos64_1.0.0.202411102158/tools/bin/../lib/gcc/arm-none-eabi/13.3.1/../../../../arm-none-eabi/lib/thumb/v7e-m+fp/hard/libc_nano.a(libc_a-mlock.o)
                0x0800bfec                __malloc_lock
 .text.__malloc_unlock
                0x0800bff8        0xc /Applications/STM32CubeIDE.app/Contents/Eclipse/plugins/com.st.stm32cube.ide.mcu.externaltools.gnu-tools-for-stm32.13.3.rel1.macos64_1.0.0.202411102158/tools/bin/../lib/gcc/arm-none-eabi/13.3.1/../../../../arm-none-eabi/lib/thumb/v7e-m+fp/hard/libc_nano.a(libc_a-mlock.o)
                0x0800bff8                __malloc_unlock
 .text.__sread  0x0800c004       0x22 /Applications/STM32CubeIDE.app/Contents/Eclipse/plugins/com.st.stm32cube.ide.mcu.externaltools.gnu-tools-for-stm32.13.3.rel1.macos64_1.0.0.202411102158/tools/bin/../lib/gcc/arm-none-eabi/13.3.1/../../../../arm-none-eabi/lib/thumb/v7e-m+fp/hard/libc_nano.a(libc_a-stdio.o)
                0x0800c004                __sread
 .text.__swrite
                0x0800c026       0x38 /Applications/STM32CubeIDE.app/Contents/Eclipse/plugins/com.st.stm32cube.ide.mcu.externaltools.gnu-tools-for-stm32.13.3.rel1.macos64_1.0.0.202411102158/tools/bin/../lib/gcc/arm-none-eabi/13.3.1/../../../../arm-none-eabi/lib/thumb/v7e-m+fp/hard/libc_nano.a(libc_a-stdio.o)
                0x0800c026                __swrite
 .text.__sseek  0x0800c05e       0x24 /Applications/STM32CubeIDE.app/Contents/Eclipse/plugins/com.st.stm32cube.ide.mcu.externaltools.gnu-tools-for-stm32.13.3.rel1.macos64_1.0.0.202411102158/tools/bin/../lib/gcc/arm-none-eabi/13.3.1/../../../../arm-none-eabi/lib/thumb/v7e-m+fp/hard/libc_nano.a(libc_a-stdio.o)
                0x0800c05e                __sseek
 .text.__sclose
                0x0800c082        0x8 /Applications/STM32CubeIDE.app/Contents/Eclipse/plugins/com.st.stm32cube.ide.mcu.externaltools.gnu-tools-for-stm32.13.3.rel1.macos64_1.0.0.202411102158/tools/bin/../lib/gcc/arm-none-eabi/13.3.1/../../../../arm-none-eabi/lib/thumb/v7e-m+fp/hard/libc_nano.a(libc_a-stdio.o)
                0x0800c082                __sclose
 .text._realloc_r
                0x0800c08a       0x5c /Applications/STM32CubeIDE.app/Contents/Eclipse/plugins/com.st.stm32cube.ide.mcu.externaltools.gnu-tools-for-stm32.13.3.rel1.macos64_1.0.0.202411102158/tools/bin/../lib/gcc/arm-none-eabi/13.3.1/../../../../arm-none-eabi/lib/thumb/v7e-m+fp/hard/libc_nano.a(libc_a-reallocr.o)
                0x0800c08a                _realloc_r
 .text.__swbuf_r
                0x0800c0e6       0x7c /Applications/STM32CubeIDE.app/Contents/Eclipse/plugins/com.st.stm32cube.ide.mcu.externaltools.gnu-tools-for-stm32.13.3.rel1.macos64_1.0.0.202411102158/tools/bin/../lib/gcc/arm-none-eabi/13.3.1/../../../../arm-none-eabi/lib/thumb/v7e-m+fp/hard/libc_nano.a(libc_a-wbuf.o)
                0x0800c0e6                __swbuf_r
 *fill*         0x0800c162        0x2 
 .text.__swsetup_r
                0x0800c164       0xac /Applications/STM32CubeIDE.app/Contents/Eclipse/plugins/com.st.stm32cube.ide.mcu.externaltools.gnu-tools-for-stm32.13.3.rel1.macos64_1.0.0.202411102158/tools/bin/../lib/gcc/arm-none-eabi/13.3.1/../../../../arm-none-eabi/lib/thumb/v7e-m+fp/hard/libc_nano.a(libc_a-wsetup.o)
                0x0800c164                __swsetup_r
 .text.__swhatbuf_r
                0x0800c210       0x4c /Applications/STM32CubeIDE.app/Contents/Eclipse/plugins/com.st.stm32cube.ide.mcu.externaltools.gnu-tools-for-stm32.13.3.rel1.macos64_1.0.0.202411102158/tools/bin/../lib/gcc/arm-none-eabi/13.3.1/../../../../arm-none-eabi/lib/thumb/v7e-m+fp/hard/libc_nano.a(libc_a-makebuf.o)
                0x0800c210                __swhatbuf_r
 .text.__smakebuf_r
                0x0800c25c       0x78 /Applications/STM32CubeIDE.app/Contents/Eclipse/plugins/com.st.stm32cube.ide.mcu.externaltools.gnu-tools-for-stm32.13.3.rel1.macos64_1.0.0.202411102158/tools/bin/../lib/gcc/arm-none-eabi/13.3.1/../../../../arm-none-eabi/lib/thumb/v7e-m+fp/hard/libc_nano.a(libc_a-makebuf.o)
                0x0800c25c                __smakebuf_r
 .text.memmove  0x0800c2d4       0x34 /Applications/STM32CubeIDE.app/Contents/Eclipse/plugins/com.st.stm32cube.ide.mcu.externaltools.gnu-tools-for-stm32.13.3.rel1.macos64_1.0.0.202411102158/tools/bin/../lib/gcc/arm-none-eabi/13.3.1/../../../../arm-none-eabi/lib/thumb/v7e-m+fp/hard/libc_nano.a(libc_a-memmove.o)
                0x0800c2d4                memmove
 .text._isatty_r
                0x0800c308       0x20 /Applications/STM32CubeIDE.app/Contents/Eclipse/plugins/com.st.stm32cube.ide.mcu.externaltools.gnu-tools-for-stm32.13.3.rel1.macos64_1.0.0.202411102158/tools/bin/../lib/gcc/arm-none-eabi/13.3.1/../../../../arm-none-eabi/lib/thumb/v7e-m+fp/hard/libc_nano.a(libc_a-isattyr.o)
                0x0800c308                _isatty_r
 .text._lseek_r
                0x0800c328       0x24 /Applications/STM32CubeIDE.app/Contents/Eclipse/plugins/com.st.stm32cube.ide.mcu.externaltools.gnu-tools-for-stm32.13.3.rel1.macos64_1.0.0.202411102158/tools/bin/../lib/gcc/arm-none-eabi/13.3.1/../../../../arm-none-eabi/lib/thumb/v7e-m+fp/hard/libc_nano.a(libc_a-lseekr.o)
                0x0800c328                _lseek_r
 .text._read_r  0x0800c34c       0x24 /Applications/STM32CubeIDE.app/Contents/Eclipse/plugins/com.st.stm32cube.ide.mcu.externaltools.gnu-tools-for-stm32.13.3.rel1.macos64_1.0.0.202411102158/tools/bin/../lib/gcc/arm-none-eabi/13.3.1/../../../../arm-none-eabi/lib/thumb/v7e-m+fp/hard/libc_nano.a(libc_a-readr.o)
                0x0800c34c                _read_r
 .text._sbrk_r  0x0800c370       0x20 /Applications/STM32CubeIDE.app/Contents/Eclipse/plugins/com.st.stm32cube.ide.mcu.externaltools.gnu-tools-for-stm32.13.3.rel1.macos64_1.0.0.202411102158/tools/bin/../lib/gcc/arm-none-eabi/13.3.1/../../../../arm-none-eabi/lib/thumb/v7e-m+fp/hard/libc_nano.a(libc_a-sbrkr.o)
                0x0800c370                _sbrk_r
 .text._write_r
                0x0800c390       0x24 /Applications/STM32CubeIDE.app/Contents/Eclipse/plugins/com.st.stm32cube.ide.mcu.externaltools.gnu-tools-for-stm32.13.3.rel1.macos64_1.0.0.202411102158/tools/bin/../lib/gcc/arm-none-eabi/13.3.1/../../../../arm-none-eabi/lib/thumb/v7e-m+fp/hard/libc_nano.a(libc_a-writer.o)
                0x0800c390                _write_r
 .text._close_r
                0x0800c3b4       0x20 /Applications/STM32CubeIDE.app/Contents/Eclipse/plugins/com.st.stm32cube.ide.mcu.externaltools.gnu-tools-for-stm32.13.3.rel1.macos64_1.0.0.202411102158/tools/bin/../lib/gcc/arm-none-eabi/13.3.1/../../../../arm-none-eabi/lib/thumb/v7e-m+fp/hard/libc_nano.a(libc_a-closer.o)
                0x0800c3b4                _close_r
 .text._fstat_r
                0x0800c3d4       0x24 /Applications/STM32CubeIDE.app/Contents/Eclipse/plugins/com.st.stm32cube.ide.mcu.externaltools.gnu-tools-for-stm32.13.3.rel1.macos64_1.0.0.202411102158/tools/bin/../lib/gcc/arm-none-eabi/13.3.1/../../../../arm-none-eabi/lib/thumb/v7e-m+fp/hard/libc_nano.a(libc_a-fstatr.o)
                0x0800c3d4                _fstat_r
 .text._free_r  0x0800c3f8       0x94 /Applications/STM32CubeIDE.app/Contents/Eclipse/plugins/com.st.stm32cube.ide.mcu.externaltools.gnu-tools-for-stm32.13.3.rel1.macos64_1.0.0.202411102158/tools/bin/../lib/gcc/arm-none-eabi/13.3.1/../../../../arm-none-eabi/lib/thumb/v7e-m+fp/hard/libc_nano.a(libc_a-freer.o)
                0x0800c3f8                _free_r
 .text._malloc_usable_size_r
                0x0800c48c       0x10 /Applications/STM32CubeIDE.app/Contents/Eclipse/plugins/com.st.stm32cube.ide.mcu.externaltools.gnu-tools-for-stm32.13.3.rel1.macos64_1.0.0.202411102158/tools/bin/../lib/gcc/arm-none-eabi/13.3.1/../../../../arm-none-eabi/lib/thumb/v7e-m+fp/hard/libc_nano.a(libc_a-msizer.o)
                0x0800c48c                _malloc_usable_size_r
 *(.glue_7)
 .glue_7        0x0800c49c        0x0 linker stubs
 *(.glue_7t)
 .glue_7t       0x0800c49c        0x0 linker stubs
 *(.eh_frame)
 .eh_frame      0x0800c49c        0x0 /Applications/STM32CubeIDE.app/Contents/Eclipse/plugins/com.st.stm32cube.ide.mcu.externaltools.gnu-tools-for-stm32.13.3.rel1.macos64_1.0.0.202411102158/tools/bin/../lib/gcc/arm-none-eabi/13.3.1/thumb/v7e-m+fp/hard/crtbegin.o
 *(.init)
 .init          0x0800c49c        0x4 /Applications/STM32CubeIDE.app/Contents/Eclipse/plugins/com.st.stm32cube.ide.mcu.externaltools.gnu-tools-for-stm32.13.3.rel1.macos64_1.0.0.202411102158/tools/bin/../lib/gcc/arm-none-eabi/13.3.1/thumb/v7e-m+fp/hard/crti.o
                0x0800c49c                _init
 .init          0x0800c4a0        0x8 /Applications/STM32CubeIDE.app/Contents/Eclipse/plugins/com.st.stm32cube.ide.mcu.externaltools.gnu-tools-for-stm32.13.3.rel1.macos64_1.0.0.202411102158/tools/bin/../lib/gcc/arm-none-eabi/13.3.1/thumb/v7e-m+fp/hard/crtn.o
 *(.fini)
 .fini          0x0800c4a8        0x4 /Applications/STM32CubeIDE.app/Contents/Eclipse/plugins/com.st.stm32cube.ide.mcu.externaltools.gnu-tools-for-stm32.13.3.rel1.macos64_1.0.0.202411102158/tools/bin/../lib/gcc/arm-none-eabi/13.3.1/thumb/v7e-m+fp/hard/crti.o
                0x0800c4a8                _fini
 .fini          0x0800c4ac        0x8 /Applications/STM32CubeIDE.app/Contents/Eclipse/plugins/com.st.stm32cube.ide.mcu.externaltools.gnu-tools-for-stm32.13.3.rel1.macos64_1.0.0.202411102158/tools/bin/../lib/gcc/arm-none-eabi/13.3.1/thumb/v7e-m+fp/hard/crtn.o
                0x0800c4b4                        . = ALIGN (0x4)
                0x0800c4b4                        _etext = .

.vfp11_veneer   0x0800c4b4        0x0
 .vfp11_veneer  0x0800c4b4        0x0 linker stubs

.v4_bx          0x0800c4b4        0x0
 .v4_bx         0x0800c4b4        0x0 linker stubs

.iplt           0x0800c4b4        0x0
 .iplt          0x0800c4b4        0x0 /Applications/STM32CubeIDE.app/Contents/Eclipse/plugins/com.st.stm32cube.ide.mcu.externaltools.gnu-tools-for-stm32.13.3.rel1.macos64_1.0.0.202411102158/tools/bin/../lib/gcc/arm-none-eabi/13.3.1/thumb/v7e-m+fp/hard/crtbegin.o

.rodata         0x0800c4b4      0xad0
                0x0800c4b4                        . = ALIGN (0x4)
 *(.rodata)
 .rodata        0x0800c4b4       0x7f ./Core/Src/main.o
 *fill*         0x0800c533        0x1 
 .rodata        0x0800c534      0x1a7 ./Core/Src/wifi.o
 *(.rodata*)
 *fill*         0x0800c6db        0x1 
 .rodata.AHBPrescTable
                0x0800c6dc       0x10 ./Core/Src/system_stm32l4xx.o
                0x0800c6dc                AHBPrescTable
 .rodata.APBPrescTable
                0x0800c6ec        0x8 ./Core/Src/system_stm32l4xx.o
                0x0800c6ec                APBPrescTable
 .rodata.MSIRangeTable
                0x0800c6f4       0x30 ./Core/Src/system_stm32l4xx.o
                0x0800c6f4                MSIRangeTable
 .rodata.UARTPrescTable
                0x0800c724       0x18 ./Drivers/STM32L4xx_HAL_Driver/Src/stm32l4xx_hal_uart.o
                0x0800c724                UARTPrescTable
 .rodata.numerator.1
                0x0800c73c        0x8 ./Drivers/STM32L4xx_HAL_Driver/Src/stm32l4xx_hal_uart_ex.o
 .rodata.denominator.0
                0x0800c744        0x8 ./Drivers/STM32L4xx_HAL_Driver/Src/stm32l4xx_hal_uart_ex.o
 .rodata.sinTable_f32
                0x0800c74c      0x804 ../Core/Lib/libarm_cortexM4lf_math.a(arm_common_tables.o)
                0x0800c74c                sinTable_f32
 .rodata._svfprintf_r.str1.1
                0x0800cf50       0x33 /Applications/STM32CubeIDE.app/Contents/Eclipse/plugins/com.st.stm32cube.ide.mcu.externaltools.gnu-tools-for-stm32.13.3.rel1.macos64_1.0.0.202411102158/tools/bin/../lib/gcc/arm-none-eabi/13.3.1/../../../../arm-none-eabi/lib/thumb/v7e-m+fp/hard/libc_nano.a(libc_a-nano-svfprintf.o)
                                 0x11 (size before relaxing)
 .rodata._vfprintf_r.str1.1
                0x0800cf83       0x11 /Applications/STM32CubeIDE.app/Contents/Eclipse/plugins/com.st.stm32cube.ide.mcu.externaltools.gnu-tools-for-stm32.13.3.rel1.macos64_1.0.0.202411102158/tools/bin/../lib/gcc/arm-none-eabi/13.3.1/../../../../arm-none-eabi/lib/thumb/v7e-m+fp/hard/libc_nano.a(libc_a-nano-vfprintf.o)
 .rodata._printf_i.str1.1
                0x0800cf83       0x22 /Applications/STM32CubeIDE.app/Contents/Eclipse/plugins/com.st.stm32cube.ide.mcu.externaltools.gnu-tools-for-stm32.13.3.rel1.macos64_1.0.0.202411102158/tools/bin/../lib/gcc/arm-none-eabi/13.3.1/../../../../arm-none-eabi/lib/thumb/v7e-m+fp/hard/libc_nano.a(libc_a-nano-vfprintf_i.o)
                0x0800cfa8                        . = ALIGN (0x4)
 *fill*         0x0800cf83        0x1 

.ARM.extab      0x0800cf84        0x0
                0x0800cf84                        . = ALIGN (0x4)
 *(.ARM.extab* .gnu.linkonce.armextab.*)
                0x0800cf84                        . = ALIGN (0x4)

.ARM            0x0800cf84        0x8
                0x0800cf84                        . = ALIGN (0x4)
                0x0800cf84                        __exidx_start = .
 *(.ARM.exidx*)
 .ARM.exidx     0x0800cf84        0x8 /Applications/STM32CubeIDE.app/Contents/Eclipse/plugins/com.st.stm32cube.ide.mcu.externaltools.gnu-tools-for-stm32.13.3.rel1.macos64_1.0.0.202411102158/tools/bin/../lib/gcc/arm-none-eabi/13.3.1/../../../../arm-none-eabi/lib/thumb/v7e-m+fp/hard/libc_nano.a(libc_a-strcmp.o)
 .ARM.exidx     0x0800cf8c        0x0 /Applications/STM32CubeIDE.app/Contents/Eclipse/plugins/com.st.stm32cube.ide.mcu.externaltools.gnu-tools-for-stm32.13.3.rel1.macos64_1.0.0.202411102158/tools/bin/../lib/gcc/arm-none-eabi/13.3.1/../../../../arm-none-eabi/lib/thumb/v7e-m+fp/hard/libc_nano.a(libc_a-strlen.o)
                                  0x8 (size before relaxing)
 .ARM.exidx     0x0800cf8c        0x0 /Applications/STM32CubeIDE.app/Contents/Eclipse/plugins/com.st.stm32cube.ide.mcu.externaltools.gnu-tools-for-stm32.13.3.rel1.macos64_1.0.0.202411102158/tools/bin/../lib/gcc/arm-none-eabi/13.3.1/../../../../arm-none-eabi/lib/thumb/v7e-m+fp/hard/libc_nano.a(libc_a-memchr.o)
                                  0x8 (size before relaxing)
 .ARM.exidx     0x0800cf8c        0x0 /Applications/STM32CubeIDE.app/Contents/Eclipse/plugins/com.st.stm32cube.ide.mcu.externaltools.gnu-tools-for-stm32.13.3.rel1.macos64_1.0.0.202411102158/tools/bin/../lib/gcc/arm-none-eabi/13.3.1/thumb/v7e-m+fp/hard/libgcc.a(_udivmoddi4.o)
                                  0x8 (size before relaxing)
                0x0800cf8c                        __exidx_end = .
                0x0800cf8c                        . = ALIGN (0x4)

.preinit_array  0x0800cf8c        0x0
                0x0800cf8c                        . = ALIGN (0x4)
                0x0800cf8c                        PROVIDE (__preinit_array_start = .)
 *(.preinit_array*)
                0x0800cf8c                        PROVIDE (__preinit_array_end = .)
                0x0800cf8c                        . = ALIGN (0x4)

.init_array     0x0800cf8c        0x4
                0x0800cf8c                        . = ALIGN (0x4)
                0x0800cf8c                        PROVIDE (__init_array_start = .)
 *(SORT_BY_NAME(.init_array.*))
 *(.init_array*)
 .init_array    0x0800cf8c        0x4 /Applications/STM32CubeIDE.app/Contents/Eclipse/plugins/com.st.stm32cube.ide.mcu.externaltools.gnu-tools-for-stm32.13.3.rel1.macos64_1.0.0.202411102158/tools/bin/../lib/gcc/arm-none-eabi/13.3.1/thumb/v7e-m+fp/hard/crtbegin.o
                0x0800cf90                        PROVIDE (__init_array_end = .)
                0x0800cf90                        . = ALIGN (0x4)

.fini_array     0x0800cf90        0x4
                0x0800cf90                        . = ALIGN (0x4)
                [!provide]                        PROVIDE (__fini_array_start = .)
 *(SORT_BY_NAME(.fini_array.*))
 *(.fini_array*)
 .fini_array    0x0800cf90        0x4 /Applications/STM32CubeIDE.app/Contents/Eclipse/plugins/com.st.stm32cube.ide.mcu.externaltools.gnu-tools-for-stm32.13.3.rel1.macos64_1.0.0.202411102158/tools/bin/../lib/gcc/arm-none-eabi/13.3.1/thumb/v7e-m+fp/hard/crtbegin.o
                [!provide]                        PROVIDE (__fini_array_end = .)
                0x0800cf94                        . = ALIGN (0x4)
                0x0800cf94                        _sidata = LOADADDR (.data)

.rel.dyn        0x0800cf94        0x0
 .rel.iplt      0x0800cf94        0x0 /Applications/STM32CubeIDE.app/Contents/Eclipse/plugins/com.st.stm32cube.ide.mcu.externaltools.gnu-tools-for-stm32.13.3.rel1.macos64_1.0.0.202411102158/tools/bin/../lib/gcc/arm-none-eabi/13.3.1/thumb/v7e-m+fp/hard/crtbegin.o

.data           0x20000000       0xac load address 0x0800cf94
                0x20000000                        . = ALIGN (0x4)
                0x20000000                        _sdata = .
 *(.data)
 *(.data*)
 .data.sweepDegree
                0x20000000        0x4 ./Core/Src/main.o
                0x20000000                sweepDegree
 .data.clockwise
                0x20000004        0x1 ./Core/Src/main.o
                0x20000004                clockwise
 *fill*         0x20000005        0x3 
 .data.ssid     0x20000008        0xa ./Core/Src/main.o
                0x20000008                ssid
 *fill*         0x20000012        0x2 
 .data.passphrase
                0x20000014        0xd ./Core/Src/main.o
                0x20000014                passphrase
 *fill*         0x20000021        0x3 
 .data.remoteIpAddress
                0x20000024        0xd ./Core/Src/main.o
                0x20000024                remoteIpAddress
 *fill*         0x20000031        0x3 
 .data.SystemCoreClock
                0x20000034        0x4 ./Core/Src/system_stm32l4xx.o
                0x20000034                SystemCoreClock
 .data.HTS221_T_Drv
                0x20000038       0x10 ./Drivers/Components/hts221/hts221.o
                0x20000038                HTS221_T_Drv
 .data.uwTickPrio
                0x20000048        0x4 ./Drivers/STM32L4xx_HAL_Driver/Src/stm32l4xx_hal.o
                0x20000048                uwTickPrio
 .data.uwTickFreq
                0x2000004c        0x1 ./Drivers/STM32L4xx_HAL_Driver/Src/stm32l4xx_hal.o
                0x2000004c                uwTickFreq
 *fill*         0x2000004d        0x3 
 .data.__sglue  0x20000050        0xc /Applications/STM32CubeIDE.app/Contents/Eclipse/plugins/com.st.stm32cube.ide.mcu.externaltools.gnu-tools-for-stm32.13.3.rel1.macos64_1.0.0.202411102158/tools/bin/../lib/gcc/arm-none-eabi/13.3.1/../../../../arm-none-eabi/lib/thumb/v7e-m+fp/hard/libc_nano.a(libc_a-findfp.o)
                0x20000050                __sglue
 .data._impure_ptr
                0x2000005c        0x4 /Applications/STM32CubeIDE.app/Contents/Eclipse/plugins/com.st.stm32cube.ide.mcu.externaltools.gnu-tools-for-stm32.13.3.rel1.macos64_1.0.0.202411102158/tools/bin/../lib/gcc/arm-none-eabi/13.3.1/../../../../arm-none-eabi/lib/thumb/v7e-m+fp/hard/libc_nano.a(libc_a-impure.o)
                0x2000005c                _impure_ptr
 .data._impure_data
                0x20000060       0x4c /Applications/STM32CubeIDE.app/Contents/Eclipse/plugins/com.st.stm32cube.ide.mcu.externaltools.gnu-tools-for-stm32.13.3.rel1.macos64_1.0.0.202411102158/tools/bin/../lib/gcc/arm-none-eabi/13.3.1/../../../../arm-none-eabi/lib/thumb/v7e-m+fp/hard/libc_nano.a(libc_a-impure.o)
                0x20000060                _impure_data
 *(.RamFunc)
 *(.RamFunc*)
                0x200000ac                        . = ALIGN (0x4)
                0x200000ac                        _edata = .

.igot.plt       0x200000ac        0x0 load address 0x0800d040
 .igot.plt      0x200000ac        0x0 /Applications/STM32CubeIDE.app/Contents/Eclipse/plugins/com.st.stm32cube.ide.mcu.externaltools.gnu-tools-for-stm32.13.3.rel1.macos64_1.0.0.202411102158/tools/bin/../lib/gcc/arm-none-eabi/13.3.1/thumb/v7e-m+fp/hard/crtbegin.o
                0x200000ac                        . = ALIGN (0x4)

.bss            0x200000ac      0xee0 load address 0x0800d040
                0x200000ac                        _sbss = .
                0x200000ac                        __bss_start__ = _sbss
 *(.bss)
 .bss           0x200000ac       0x1c /Applications/STM32CubeIDE.app/Contents/Eclipse/plugins/com.st.stm32cube.ide.mcu.externaltools.gnu-tools-for-stm32.13.3.rel1.macos64_1.0.0.202411102158/tools/bin/../lib/gcc/arm-none-eabi/13.3.1/thumb/v7e-m+fp/hard/crtbegin.o
 *(.bss*)
 .bss.hdac1     0x200000c8       0x14 ./Core/Src/main.o
                0x200000c8                hdac1
 .bss.hdma_dac1_ch1
                0x200000dc       0x60 ./Core/Src/main.o
                0x200000dc                hdma_dac1_ch1
 .bss.hi2c2     0x2000013c       0x54 ./Core/Src/main.o
                0x2000013c                hi2c2
 .bss.hospi1    0x20000190       0x50 ./Core/Src/main.o
                0x20000190                hospi1
 .bss.hspi3     0x200001e0       0x64 ./Core/Src/main.o
                0x200001e0                hspi3
 .bss.htim2     0x20000244       0x4c ./Core/Src/main.o
                0x20000244                htim2
 .bss.htim3     0x20000290       0x4c ./Core/Src/main.o
                0x20000290                htim3
 .bss.htim4     0x200002dc       0x4c ./Core/Src/main.o
                0x200002dc                htim4
 .bss.huart1    0x20000328       0x94 ./Core/Src/main.o
                0x20000328                huart1
 .bss.temp      0x200003bc        0x4 ./Core/Src/main.o
                0x200003bc                temp
 .bss.sin_Value
                0x200003c0        0x2 ./Core/Src/main.o
                0x200003c0                sin_Value
 *fill*         0x200003c2        0x2 
 .bss.c         0x200003c4       0x26 ./Core/Src/main.o
                0x200003c4                c
 *fill*         0x200003ea        0x2 
 .bss.s         0x200003ec        0x4 ./Core/Src/main.o
                0x200003ec                s
 .bss.state     0x200003f0        0x1 ./Core/Src/main.o
                0x200003f0                state
 *fill*         0x200003f1        0x3 
 .bss.micro_sec
                0x200003f4        0x4 ./Core/Src/main.o
                0x200003f4                micro_sec
 .bss.output    0x200003f8       0x40 ./Core/Src/main.o
                0x200003f8                output
 .bss.writeAddress
                0x20000438        0x4 ./Core/Src/main.o
                0x20000438                writeAddress
 .bss.hwifi     0x2000043c      0x154 ./Core/Src/main.o
                0x2000043c                hwifi
 .bss.hI2cHandler
                0x20000590       0x54 ./Core/Src/stm32l4s5i_iot01.o
                0x20000590                hI2cHandler
 .bss.OSPIHandle
                0x200005e4       0x50 ./Core/Src/stm32l4s5i_iot01_qspi.o
                0x200005e4                OSPIHandle
 .bss.tsensor_drv
                0x20000634        0x4 ./Core/Src/stm32l4s5i_iot01_tsensor.o
 .bss.__sbrk_heap_end
                0x20000638        0x4 ./Core/Src/sysmem.o
 .bss.wifiTxBuffer
                0x2000063c      0x400 ./Core/Src/wifi.o
                0x2000063c                wifiTxBuffer
 .bss.wifiRxBuffer
                0x20000a3c      0x400 ./Core/Src/wifi.o
                0x20000a3c                wifiRxBuffer
 .bss.uwTick    0x20000e3c        0x4 ./Drivers/STM32L4xx_HAL_Driver/Src/stm32l4xx_hal.o
                0x20000e3c                uwTick
 .bss.__sf      0x20000e40      0x138 /Applications/STM32CubeIDE.app/Contents/Eclipse/plugins/com.st.stm32cube.ide.mcu.externaltools.gnu-tools-for-stm32.13.3.rel1.macos64_1.0.0.202411102158/tools/bin/../lib/gcc/arm-none-eabi/13.3.1/../../../../arm-none-eabi/lib/thumb/v7e-m+fp/hard/libc_nano.a(libc_a-findfp.o)
                0x20000e40                __sf
 .bss.__stdio_exit_handler
                0x20000f78        0x4 /Applications/STM32CubeIDE.app/Contents/Eclipse/plugins/com.st.stm32cube.ide.mcu.externaltools.gnu-tools-for-stm32.13.3.rel1.macos64_1.0.0.202411102158/tools/bin/../lib/gcc/arm-none-eabi/13.3.1/../../../../arm-none-eabi/lib/thumb/v7e-m+fp/hard/libc_nano.a(libc_a-findfp.o)
                0x20000f78                __stdio_exit_handler
 .bss.__lock___malloc_recursive_mutex
                0x20000f7c        0x1 /Applications/STM32CubeIDE.app/Contents/Eclipse/plugins/com.st.stm32cube.ide.mcu.externaltools.gnu-tools-for-stm32.13.3.rel1.macos64_1.0.0.202411102158/tools/bin/../lib/gcc/arm-none-eabi/13.3.1/../../../../arm-none-eabi/lib/thumb/v7e-m+fp/hard/libc_nano.a(libc_a-lock.o)
                0x20000f7c                __lock___malloc_recursive_mutex
 .bss.__lock___sfp_recursive_mutex
                0x20000f7d        0x1 /Applications/STM32CubeIDE.app/Contents/Eclipse/plugins/com.st.stm32cube.ide.mcu.externaltools.gnu-tools-for-stm32.13.3.rel1.macos64_1.0.0.202411102158/tools/bin/../lib/gcc/arm-none-eabi/13.3.1/../../../../arm-none-eabi/lib/thumb/v7e-m+fp/hard/libc_nano.a(libc_a-lock.o)
                0x20000f7d                __lock___sfp_recursive_mutex
 *fill*         0x20000f7e        0x2 
 .bss.__malloc_sbrk_start
                0x20000f80        0x4 /Applications/STM32CubeIDE.app/Contents/Eclipse/plugins/com.st.stm32cube.ide.mcu.externaltools.gnu-tools-for-stm32.13.3.rel1.macos64_1.0.0.202411102158/tools/bin/../lib/gcc/arm-none-eabi/13.3.1/../../../../arm-none-eabi/lib/thumb/v7e-m+fp/hard/libc_nano.a(libc_a-mallocr.o)
                0x20000f80                __malloc_sbrk_start
 .bss.__malloc_free_list
                0x20000f84        0x4 /Applications/STM32CubeIDE.app/Contents/Eclipse/plugins/com.st.stm32cube.ide.mcu.externaltools.gnu-tools-for-stm32.13.3.rel1.macos64_1.0.0.202411102158/tools/bin/../lib/gcc/arm-none-eabi/13.3.1/../../../../arm-none-eabi/lib/thumb/v7e-m+fp/hard/libc_nano.a(libc_a-mallocr.o)
                0x20000f84                __malloc_free_list
 .bss.errno     0x20000f88        0x4 /Applications/STM32CubeIDE.app/Contents/Eclipse/plugins/com.st.stm32cube.ide.mcu.externaltools.gnu-tools-for-stm32.13.3.rel1.macos64_1.0.0.202411102158/tools/bin/../lib/gcc/arm-none-eabi/13.3.1/../../../../arm-none-eabi/lib/thumb/v7e-m+fp/hard/libc_nano.a(libc_a-reent.o)
                0x20000f88                errno
 *(COMMON)
                0x20000f8c                        . = ALIGN (0x4)
                0x20000f8c                        _ebss = .
                0x20000f8c                        __bss_end__ = _ebss

._user_heap_stack
                0x20000f8c      0x604 load address 0x0800d040
                0x20000f90                        . = ALIGN (0x8)
 *fill*         0x20000f8c        0x4 
                [!provide]                        PROVIDE (end = .)
                0x20000f90                        PROVIDE (_end = .)
                0x20001190                        . = (. + _Min_Heap_Size)
 *fill*         0x20000f90      0x200 
                0x20001590                        . = (. + _Min_Stack_Size)
 *fill*         0x20001190      0x400 
                0x20001590                        . = ALIGN (0x8)

/DISCARD/
 libc.a(*)
 libm.a(*)
 libgcc.a(*)

.ARM.attributes
                0x00000000       0x30
 *(.ARM.attributes)
 .ARM.attributes
                0x00000000       0x22 /Applications/STM32CubeIDE.app/Contents/Eclipse/plugins/com.st.stm32cube.ide.mcu.externaltools.gnu-tools-for-stm32.13.3.rel1.macos64_1.0.0.202411102158/tools/bin/../lib/gcc/arm-none-eabi/13.3.1/thumb/v7e-m+fp/hard/crti.o
 .ARM.attributes
                0x00000022       0x34 /Applications/STM32CubeIDE.app/Contents/Eclipse/plugins/com.st.stm32cube.ide.mcu.externaltools.gnu-tools-for-stm32.13.3.rel1.macos64_1.0.0.202411102158/tools/bin/../lib/gcc/arm-none-eabi/13.3.1/thumb/v7e-m+fp/hard/crtbegin.o
 .ARM.attributes
                0x00000056       0x34 ./Core/Src/helper_functions.o
 .ARM.attributes
                0x0000008a       0x34 ./Core/Src/main.o
 .ARM.attributes
                0x000000be       0x34 ./Core/Src/motor.o
 .ARM.attributes
                0x000000f2       0x34 ./Core/Src/stm32l4s5i_iot01.o
 .ARM.attributes
                0x00000126       0x34 ./Core/Src/stm32l4s5i_iot01_qspi.o
 .ARM.attributes
                0x0000015a       0x34 ./Core/Src/stm32l4s5i_iot01_tsensor.o
 .ARM.attributes
                0x0000018e       0x34 ./Core/Src/stm32l4xx_hal_msp.o
 .ARM.attributes
                0x000001c2       0x34 ./Core/Src/stm32l4xx_it.o
 .ARM.attributes
                0x000001f6       0x34 ./Core/Src/syscalls.o
 .ARM.attributes
                0x0000022a       0x34 ./Core/Src/sysmem.o
 .ARM.attributes
                0x0000025e       0x34 ./Core/Src/system_stm32l4xx.o
 .ARM.attributes
                0x00000292       0x34 ./Core/Src/wifi.o
 .ARM.attributes
                0x000002c6       0x21 ./Core/Startup/startup_stm32l4s5vitx.o
 .ARM.attributes
                0x000002e7       0x34 ./Drivers/Components/hts221/hts221.o
 .ARM.attributes
                0x0000031b       0x34 ./Drivers/STM32L4xx_HAL_Driver/Src/stm32l4xx_hal.o
 .ARM.attributes
                0x0000034f       0x34 ./Drivers/STM32L4xx_HAL_Driver/Src/stm32l4xx_hal_cortex.o
 .ARM.attributes
                0x00000383       0x34 ./Drivers/STM32L4xx_HAL_Driver/Src/stm32l4xx_hal_dac.o
 .ARM.attributes
                0x000003b7       0x34 ./Drivers/STM32L4xx_HAL_Driver/Src/stm32l4xx_hal_dac_ex.o
 .ARM.attributes
                0x000003eb       0x34 ./Drivers/STM32L4xx_HAL_Driver/Src/stm32l4xx_hal_dma.o
 .ARM.attributes
                0x0000041f       0x34 ./Drivers/STM32L4xx_HAL_Driver/Src/stm32l4xx_hal_gpio.o
 .ARM.attributes
                0x00000453       0x34 ./Drivers/STM32L4xx_HAL_Driver/Src/stm32l4xx_hal_i2c.o
 .ARM.attributes
                0x00000487       0x34 ./Drivers/STM32L4xx_HAL_Driver/Src/stm32l4xx_hal_i2c_ex.o
 .ARM.attributes
                0x000004bb       0x34 ./Drivers/STM32L4xx_HAL_Driver/Src/stm32l4xx_hal_ospi.o
 .ARM.attributes
                0x000004ef       0x34 ./Drivers/STM32L4xx_HAL_Driver/Src/stm32l4xx_hal_pwr_ex.o
 .ARM.attributes
                0x00000523       0x34 ./Drivers/STM32L4xx_HAL_Driver/Src/stm32l4xx_hal_rcc.o
 .ARM.attributes
                0x00000557       0x34 ./Drivers/STM32L4xx_HAL_Driver/Src/stm32l4xx_hal_rcc_ex.o
 .ARM.attributes
                0x0000058b       0x34 ./Drivers/STM32L4xx_HAL_Driver/Src/stm32l4xx_hal_spi.o
 .ARM.attributes
                0x000005bf       0x34 ./Drivers/STM32L4xx_HAL_Driver/Src/stm32l4xx_hal_tim.o
 .ARM.attributes
                0x000005f3       0x34 ./Drivers/STM32L4xx_HAL_Driver/Src/stm32l4xx_hal_tim_ex.o
 .ARM.attributes
                0x00000627       0x34 ./Drivers/STM32L4xx_HAL_Driver/Src/stm32l4xx_hal_uart.o
 .ARM.attributes
                0x0000065b       0x34 ./Drivers/STM32L4xx_HAL_Driver/Src/stm32l4xx_hal_uart_ex.o
 .ARM.attributes
                0x0000068f       0x34 ../Core/Lib/libarm_cortexM4lf_math.a(arm_sin_f32.o)
 .ARM.attributes
                0x000006c3       0x39 ../Core/Lib/libarm_cortexM4lf_math.a(arm_common_tables.o)
 .ARM.attributes
                0x000006fc       0x34 /Applications/STM32CubeIDE.app/Contents/Eclipse/plugins/com.st.stm32cube.ide.mcu.externaltools.gnu-tools-for-stm32.13.3.rel1.macos64_1.0.0.202411102158/tools/bin/../lib/gcc/arm-none-eabi/13.3.1/../../../../arm-none-eabi/lib/thumb/v7e-m+fp/hard/libc_nano.a(libc_a-snprintf.o)
 .ARM.attributes
                0x00000730       0x34 /Applications/STM32CubeIDE.app/Contents/Eclipse/plugins/com.st.stm32cube.ide.mcu.externaltools.gnu-tools-for-stm32.13.3.rel1.macos64_1.0.0.202411102158/tools/bin/../lib/gcc/arm-none-eabi/13.3.1/../../../../arm-none-eabi/lib/thumb/v7e-m+fp/hard/libc_nano.a(libc_a-sprintf.o)
 .ARM.attributes