../Core/Src/main.c:112:5:main	56	static
../Core/Src/main.c:255:6:SystemClock_Config	96	static
../Core/Src/main.c:306:13:MX_I2C2_Init	8	static
../Core/Src/main.c:354:13:MX_OCTOSPI1_Init	8	static
../Core/Src/main.c:393:13:MX_SPI3_Init	8	static
../Core/Src/main.c:433:13:MX_TIM2_Init	72	static
../Core/Src/main.c:506:13:MX_TIM3_Init	64	static
../Core/Src/main.c:565:13:MX_USART1_UART_Init	8	static
../Core/Src/main.c:613:13:MX_GPIO_Init	48	static
../Core/Src/main.c:678:6:HAL_TIM_IC_CaptureCallback	16	static
../Core/Src/main.c:693:6:Error_Handler	4	static,ignoring_inline_asm
