../Core/Src/main.c:171:6:LUT_sine_builder	32	static
../Core/Src/main.c:182:10:getDistance	24	static
../Core/Src/main.c:188:10:take_samples	32	static,ignoring_inline_asm
../Core/Src/main.c:203:10:take_samples_calibration	32	static
../Core/Src/main.c:217:13:WIFI_Init_main	8	static
../Core/Src/main.c:238:5:main	248	static
../Core/Src/main.c:409:6:SystemClock_Config	96	static
../Core/Src/main.c:460:13:MX_DAC1_Init	48	static
../Core/Src/main.c:504:13:MX_I2C2_Init	8	static
../Core/Src/main.c:552:13:MX_OCTOSPI1_Init	8	static
../Core/Src/main.c:591:13:MX_SPI3_Init	8	static
../Core/Src/main.c:631:13:MX_TIM2_Init	72	static
../Core/Src/main.c:704:13:MX_TIM3_Init	64	static
../Core/Src/main.c:767:13:MX_TIM4_Init	40	static
../Core/Src/main.c:812:13:MX_USART1_UART_Init	8	static
../Core/Src/main.c:858:13:MX_DMA_Init	16	static
../Core/Src/main.c:877:13:MX_GPIO_Init	48	static
../Core/Src/main.c:955:6:HAL_GPIO_EXTI_Callback	16	static
../Core/Src/main.c:965:6:HAL_TIM_IC_CaptureCallback	16	static
../Core/Src/main.c:980:6:StartDefaultTask	16	static
../Core/Src/main.c:998:6:StartTempTask	24	static
../Core/Src/main.c:1029:6:StartScanTask	40	static
../Core/Src/main.c:1077:6:StartTransmitTask	40	static
../Core/Src/main.c:1152:6:StartAlarmTask	24	static
../Core/Src/main.c:1172:6:StartLogDataTask	440	static
../Core/Src/main.c:1237:6:HAL_TIM_PeriodElapsedCallback	16	static
../Core/Src/main.c:1257:6:Error_Handler	4	static,ignoring_inline_asm
