../Core/Src/main.c:123:10:getDistance	24	static
../Core/Src/main.c:129:13:WIFI_Init_main	8	static
../Core/Src/main.c:151:5:main	96	static
../Core/Src/main.c:329:6:SystemClock_Config	96	static
../Core/Src/main.c:380:13:MX_DAC1_Init	48	static
../Core/Src/main.c:424:13:MX_I2C2_Init	8	static
../Core/Src/main.c:472:13:MX_OCTOSPI1_Init	8	static
../Core/Src/main.c:511:13:MX_SPI3_Init	8	static
../Core/Src/main.c:551:13:MX_TIM2_Init	72	static
../Core/Src/main.c:624:13:MX_TIM3_Init	64	static
../Core/Src/main.c:683:13:MX_TIM4_Init	40	static
../Core/Src/main.c:728:13:MX_USART1_UART_Init	8	static
../Core/Src/main.c:774:13:MX_DMA_Init	16	static
../Core/Src/main.c:793:13:MX_GPIO_Init	48	static
../Core/Src/main.c:862:6:HAL_TIM_IC_CaptureCallback	16	static
../Core/Src/main.c:877:6:Error_Handler	4	static,ignoring_inline_asm
