../Core/Src/main.c:171:6:LUT_sine_builder	32	static
../Core/Src/main.c:182:10:getDistance	24	static
../Core/Src/main.c:188:10:take_samples	32	static,ignoring_inline_asm
../Core/Src/main.c:203:10:take_samples_calibration	32	static
../Core/Src/main.c:217:13:WIFI_Init_main	8	static
../Core/Src/main.c:238:5:main	248	static
../Core/Src/main.c:413:6:SystemClock_Config	96	static
../Core/Src/main.c:464:13:MX_DAC1_Init	48	static
../Core/Src/main.c:508:13:MX_I2C2_Init	8	static
../Core/Src/main.c:556:13:MX_OCTOSPI1_Init	8	static
../Core/Src/main.c:595:13:MX_SPI3_Init	8	static
../Core/Src/main.c:635:13:MX_TIM2_Init	72	static
../Core/Src/main.c:708:13:MX_TIM3_Init	64	static
../Core/Src/main.c:771:13:MX_TIM4_Init	40	static
../Core/Src/main.c:816:13:MX_USART1_UART_Init	8	static
../Core/Src/main.c:862:13:MX_DMA_Init	16	static
../Core/Src/main.c:881:13:MX_GPIO_Init	48	static
../Core/Src/main.c:959:6:HAL_GPIO_EXTI_Callback	16	static
../Core/Src/main.c:969:6:HAL_TIM_IC_CaptureCallback	16	static
../Core/Src/main.c:984:6:StartDefaultTask	16	static
../Core/Src/main.c:1002:6:StartTempTask	24	static
../Core/Src/main.c:1033:6:StartScanTask	40	static
../Core/Src/main.c:1081:6:StartTransmitTask	40	static
../Core/Src/main.c:1156:6:StartAlarmTask	24	static
../Core/Src/main.c:1176:6:StartLogDataTask	440	static
../Core/Src/main.c:1241:6:HAL_TIM_PeriodElapsedCallback	16	static
../Core/Src/main.c:1261:6:Error_Handler	4	static,ignoring_inline_asm
