../Core/Src/main.c:159:6:LUT_sine_builder	32	static
../Core/Src/main.c:170:10:getDistance	24	static
../Core/Src/main.c:176:10:take_samples	32	static,ignoring_inline_asm
../Core/Src/main.c:191:10:take_samples_calibration	32	static
../Core/Src/main.c:205:13:WIFI_Init_main	8	static
../Core/Src/main.c:226:5:main	248	static
../Core/Src/main.c:402:6:SystemClock_Config	96	static
../Core/Src/main.c:453:13:MX_DAC1_Init	48	static
../Core/Src/main.c:497:13:MX_I2C2_Init	8	static
../Core/Src/main.c:545:13:MX_OCTOSPI1_Init	8	static
../Core/Src/main.c:584:13:MX_SPI3_Init	8	static
../Core/Src/main.c:624:13:MX_TIM2_Init	72	static
../Core/Src/main.c:697:13:MX_TIM3_Init	64	static
../Core/Src/main.c:760:13:MX_TIM4_Init	40	static
../Core/Src/main.c:805:13:MX_USART1_UART_Init	8	static
../Core/Src/main.c:851:13:MX_DMA_Init	16	static
../Core/Src/main.c:870:13:MX_GPIO_Init	48	static
../Core/Src/main.c:945:6:HAL_GPIO_EXTI_Callback	16	static
../Core/Src/main.c:952:6:HAL_TIM_IC_CaptureCallback	16	static
../Core/Src/main.c:967:6:StartDefaultTask	16	static
../Core/Src/main.c:985:6:StartTempTask	24	static
../Core/Src/main.c:1016:6:StartScanTask	32	static
../Core/Src/main.c:1063:6:StartTransmitTask	40	static
../Core/Src/main.c:1140:6:StartAlarmTask	24	static
../Core/Src/main.c:1160:6:StartLogDataTask	440	static
../Core/Src/main.c:1238:6:HAL_TIM_PeriodElapsedCallback	16	static
../Core/Src/main.c:1258:6:Error_Handler	4	static,ignoring_inline_asm
