../Core/Src/main.c:143:6:LUT_sine_builder	32	static
../Core/Src/main.c:154:10:getDistance	24	static
../Core/Src/main.c:160:10:take_samples	32	static,ignoring_inline_asm
../Core/Src/main.c:175:10:take_samples_calibration	32	static
../Core/Src/main.c:189:13:WIFI_Init_main	8	static
../Core/Src/main.c:210:5:main	208	static
../Core/Src/main.c:377:6:SystemClock_Config	96	static
../Core/Src/main.c:428:13:MX_DAC1_Init	48	static
../Core/Src/main.c:472:13:MX_I2C2_Init	8	static
../Core/Src/main.c:520:13:MX_OCTOSPI1_Init	8	static
../Core/Src/main.c:559:13:MX_SPI3_Init	8	static
../Core/Src/main.c:599:13:MX_TIM2_Init	72	static
../Core/Src/main.c:672:13:MX_TIM3_Init	64	static
../Core/Src/main.c:735:13:MX_TIM4_Init	40	static
../Core/Src/main.c:780:13:MX_USART1_UART_Init	8	static
../Core/Src/main.c:826:13:MX_DMA_Init	16	static
../Core/Src/main.c:845:13:MX_GPIO_Init	48	static
../Core/Src/main.c:920:6:HAL_GPIO_EXTI_Callback	16	static
../Core/Src/main.c:927:6:HAL_TIM_IC_CaptureCallback	16	static
../Core/Src/main.c:942:6:StartDefaultTask	16	static
../Core/Src/main.c:960:6:StartTempTask	24	static
../Core/Src/main.c:991:6:StartScanTask	32	static
../Core/Src/main.c:1038:6:StartTransmitTask	32	static
../Core/Src/main.c:1083:6:StartAlarmTask	24	static
../Core/Src/main.c:1104:6:HAL_TIM_PeriodElapsedCallback	16	static
../Core/Src/main.c:1124:6:Error_Handler	4	static,ignoring_inline_asm
