../Core/Src/main.c:112:5:main	112	static
../Core/Src/main.c:248:6:SystemClock_Config	96	static
../Core/Src/main.c:299:13:MX_I2C2_Init	8	static
../Core/Src/main.c:347:13:MX_OCTOSPI1_Init	8	static
../Core/Src/main.c:386:13:MX_SPI3_Init	8	static
../Core/Src/main.c:426:13:MX_TIM2_Init	72	static
../Core/Src/main.c:499:13:MX_TIM3_Init	64	static
../Core/Src/main.c:558:13:MX_USART1_UART_Init	8	static
../Core/Src/main.c:606:13:MX_GPIO_Init	48	static
../Core/Src/main.c:645:6:HAL_TIM_IC_CaptureCallback	16	static
../Core/Src/main.c:660:6:Error_Handler	4	static,ignoring_inline_asm
