../Core/Src/main.c:176:6:LUT_sine_builder	16	static
../Core/Src/main.c:183:10:getDistance	24	static
../Core/Src/main.c:189:10:take_samples	32	static,ignoring_inline_asm
../Core/Src/main.c:204:10:take_samples_calibration	32	static
../Core/Src/main.c:218:13:WIFI_Init_main	8	static
../Core/Src/main.c:239:5:main	248	static
../Core/Src/main.c:414:6:SystemClock_Config	96	static
../Core/Src/main.c:465:13:MX_DAC1_Init	48	static
../Core/Src/main.c:509:13:MX_I2C2_Init	8	static
../Core/Src/main.c:557:13:MX_OCTOSPI1_Init	8	static
../Core/Src/main.c:596:13:MX_SPI3_Init	8	static
../Core/Src/main.c:636:13:MX_TIM2_Init	72	static
../Core/Src/main.c:709:13:MX_TIM3_Init	64	static
../Core/Src/main.c:772:13:MX_TIM4_Init	40	static
../Core/Src/main.c:817:13:MX_USART1_UART_Init	8	static
../Core/Src/main.c:863:13:MX_DMA_Init	16	static
../Core/Src/main.c:882:13:MX_GPIO_Init	48	static
../Core/Src/main.c:960:6:HAL_GPIO_EXTI_Callback	48	static
../Core/Src/main.c:1004:6:HAL_TIM_IC_CaptureCallback	16	static
../Core/Src/main.c:1019:6:StartDefaultTask	16	static
../Core/Src/main.c:1037:6:StartTempTask	24	static
../Core/Src/main.c:1068:6:StartScanTask	40	static
../Core/Src/main.c:1116:6:StartTransmitTask	40	static
../Core/Src/main.c:1191:6:StartAlarmTask	24	static
../Core/Src/main.c:1211:6:StartLogDataTask	240	static
../Core/Src/main.c:1276:6:HAL_TIM_PeriodElapsedCallback	16	static
../Core/Src/main.c:1296:6:Error_Handler	4	static,ignoring_inline_asm
