../Core/Src/main.c:108:10:getDistance	24	static
../Core/Src/main.c:114:13:WIFI_Init_main	8	static
../Core/Src/main.c:136:5:main	24	static
../Core/Src/main.c:278:6:SystemClock_Config	96	static
../Core/Src/main.c:329:13:MX_I2C2_Init	8	static
../Core/Src/main.c:377:13:MX_OCTOSPI1_Init	8	static
../Core/Src/main.c:416:13:MX_SPI3_Init	8	static
../Core/Src/main.c:456:13:MX_TIM2_Init	72	static
../Core/Src/main.c:529:13:MX_TIM3_Init	64	static
../Core/Src/main.c:588:13:MX_USART1_UART_Init	8	static
../Core/Src/main.c:636:13:MX_GPIO_Init	48	static
../Core/Src/main.c:705:6:HAL_TIM_IC_CaptureCallback	16	static
../Core/Src/main.c:720:6:Error_Handler	4	static,ignoring_inline_asm
