../Core/Src/main.c:174:6:LUT_sine_builder	16	static
../Core/Src/main.c:181:10:getDistance	24	static
../Core/Src/main.c:187:10:take_samples	32	static,ignoring_inline_asm
../Core/Src/main.c:202:10:take_samples_calibration	32	static
../Core/Src/main.c:216:13:WIFI_Init_main	8	static
../Core/Src/main.c:237:5:main	216	static
../Core/Src/main.c:408:6:SystemClock_Config	96	static
../Core/Src/main.c:459:13:MX_DAC1_Init	48	static
../Core/Src/main.c:503:13:MX_I2C2_Init	8	static
../Core/Src/main.c:551:13:MX_OCTOSPI1_Init	8	static
../Core/Src/main.c:590:13:MX_SPI3_Init	8	static
../Core/Src/main.c:630:13:MX_TIM2_Init	72	static
../Core/Src/main.c:703:13:MX_TIM3_Init	64	static
../Core/Src/main.c:766:13:MX_TIM4_Init	40	static
../Core/Src/main.c:811:13:MX_USART1_UART_Init	8	static
../Core/Src/main.c:857:13:MX_DMA_Init	16	static
../Core/Src/main.c:876:13:MX_GPIO_Init	48	static
../Core/Src/main.c:954:6:HAL_GPIO_EXTI_Callback	48	static
../Core/Src/main.c:998:6:HAL_TIM_IC_CaptureCallback	16	static
../Core/Src/main.c:1013:6:StartDefaultTask	16	static
../Core/Src/main.c:1031:6:StartTempTask	24	static
../Core/Src/main.c:1062:6:StartScanTask	40	static
../Core/Src/main.c:1110:6:StartTransmitTask	40	static
../Core/Src/main.c:1185:6:StartAlarmTask	24	static
../Core/Src/main.c:1206:6:HAL_TIM_PeriodElapsedCallback	16	static
../Core/Src/main.c:1226:6:Error_Handler	4	static,ignoring_inline_asm
