../Core/Src/main.c:103:5:main	48	static
../Core/Src/main.c:218:6:SystemClock_Config	96	static
../Core/Src/main.c:269:13:MX_I2C2_Init	8	static
../Core/Src/main.c:317:13:MX_OCTOSPI1_Init	8	static
../Core/Src/main.c:356:13:MX_TIM2_Init	72	static
../Core/Src/main.c:429:13:MX_TIM3_Init	64	static
../Core/Src/main.c:488:13:MX_USART1_UART_Init	8	static
../Core/Src/main.c:536:13:MX_GPIO_Init	40	static
../Core/Src/main.c:574:6:HAL_TIM_IC_CaptureCallback	16	static
../Core/Src/main.c:589:6:Error_Handler	4	static,ignoring_inline_asm
