../Core/Src/main.c:105:10:getDistance	24	static
../Core/Src/main.c:111:13:WIFI_Init_main	8	static
../Core/Src/main.c:131:5:main	56	static
../Core/Src/main.c:259:6:SystemClock_Config	96	static
../Core/Src/main.c:310:13:MX_I2C2_Init	8	static
../Core/Src/main.c:358:13:MX_OCTOSPI1_Init	8	static
../Core/Src/main.c:397:13:MX_SPI3_Init	8	static
../Core/Src/main.c:437:13:MX_TIM2_Init	72	static
../Core/Src/main.c:510:13:MX_TIM3_Init	64	static
../Core/Src/main.c:569:13:MX_USART1_UART_Init	8	static
../Core/Src/main.c:617:13:MX_GPIO_Init	48	static
../Core/Src/main.c:686:6:HAL_TIM_IC_CaptureCallback	16	static
../Core/Src/main.c:701:6:Error_Handler	4	static,ignoring_inline_asm
