../Core/Src/main.c:142:6:LUT_sine_builder	32	static
../Core/Src/main.c:153:10:getDistance	24	static
../Core/Src/main.c:159:10:take_samples	32	static,ignoring_inline_asm
../Core/Src/main.c:174:13:WIFI_Init_main	8	static
../Core/Src/main.c:195:5:main	208	static
../Core/Src/main.c:363:6:SystemClock_Config	96	static
../Core/Src/main.c:414:13:MX_DAC1_Init	48	static
../Core/Src/main.c:458:13:MX_I2C2_Init	8	static
../Core/Src/main.c:506:13:MX_OCTOSPI1_Init	8	static
../Core/Src/main.c:545:13:MX_SPI3_Init	8	static
../Core/Src/main.c:585:13:MX_TIM2_Init	72	static
../Core/Src/main.c:658:13:MX_TIM3_Init	64	static
../Core/Src/main.c:721:13:MX_TIM4_Init	40	static
../Core/Src/main.c:766:13:MX_USART1_UART_Init	8	static
../Core/Src/main.c:812:13:MX_DMA_Init	16	static
../Core/Src/main.c:831:13:MX_GPIO_Init	48	static
../Core/Src/main.c:906:6:HAL_GPIO_EXTI_Callback	16	static
../Core/Src/main.c:913:6:HAL_TIM_IC_CaptureCallback	16	static
../Core/Src/main.c:927:6:StartDefaultTask	16	static
../Core/Src/main.c:945:6:StartTempTask	24	static
../Core/Src/main.c:976:6:StartScanTask	32	static
../Core/Src/main.c:1022:6:StartTransmitTask	24	static
../Core/Src/main.c:1058:6:StartAlarmTask	24	static
../Core/Src/main.c:1079:6:HAL_TIM_PeriodElapsedCallback	16	static
../Core/Src/main.c:1099:6:Error_Handler	4	static,ignoring_inline_asm
