../Core/Src/main.c:144:6:LUT_sine_builder	32	static
../Core/Src/main.c:155:10:getDistance	24	static
../Core/Src/main.c:161:10:take_samples	32	static,ignoring_inline_asm
../Core/Src/main.c:176:10:take_samples_calibration	32	static
../Core/Src/main.c:190:13:WIFI_Init_main	8	static
../Core/Src/main.c:211:5:main	208	static
../Core/Src/main.c:378:6:SystemClock_Config	96	static
../Core/Src/main.c:429:13:MX_DAC1_Init	48	static
../Core/Src/main.c:473:13:MX_I2C2_Init	8	static
../Core/Src/main.c:521:13:MX_OCTOSPI1_Init	8	static
../Core/Src/main.c:560:13:MX_SPI3_Init	8	static
../Core/Src/main.c:600:13:MX_TIM2_Init	72	static
../Core/Src/main.c:673:13:MX_TIM3_Init	64	static
../Core/Src/main.c:736:13:MX_TIM4_Init	40	static
../Core/Src/main.c:781:13:MX_USART1_UART_Init	8	static
../Core/Src/main.c:827:13:MX_DMA_Init	16	static
../Core/Src/main.c:846:13:MX_GPIO_Init	48	static
../Core/Src/main.c:921:6:HAL_GPIO_EXTI_Callback	16	static
../Core/Src/main.c:929:6:HAL_TIM_IC_CaptureCallback	16	static
../Core/Src/main.c:944:6:StartDefaultTask	16	static
../Core/Src/main.c:962:6:StartTempTask	24	static
../Core/Src/main.c:996:6:StartScanTask	32	static
../Core/Src/main.c:1043:6:StartTransmitTask	32	static
../Core/Src/main.c:1088:6:StartAlarmTask	24	static
../Core/Src/main.c:1109:6:HAL_TIM_PeriodElapsedCallback	16	static
../Core/Src/main.c:1129:6:Error_Handler	4	static,ignoring_inline_asm
