../Core/Src/main.c:121:10:getDistance	24	static
../Core/Src/main.c:127:13:WIFI_Init_main	8	static
../Core/Src/main.c:149:5:main	64	static
../Core/Src/main.c:313:6:SystemClock_Config	96	static
../Core/Src/main.c:364:13:MX_DAC1_Init	48	static
../Core/Src/main.c:408:13:MX_I2C2_Init	8	static
../Core/Src/main.c:456:13:MX_OCTOSPI1_Init	8	static
../Core/Src/main.c:495:13:MX_SPI3_Init	8	static
../Core/Src/main.c:535:13:MX_TIM2_Init	72	static
../Core/Src/main.c:608:13:MX_TIM3_Init	64	static
../Core/Src/main.c:667:13:MX_TIM4_Init	40	static
../Core/Src/main.c:712:13:MX_USART1_UART_Init	8	static
../Core/Src/main.c:758:13:MX_DMA_Init	16	static
../Core/Src/main.c:777:13:MX_GPIO_Init	48	static
../Core/Src/main.c:846:6:HAL_TIM_IC_CaptureCallback	16	static
../Core/Src/main.c:861:6:Error_Handler	4	static,ignoring_inline_asm
