../Core/Src/main.c:86:6:StepMotor	16	static
../Core/Src/main.c:93:6:StepForward	24	static
../Core/Src/main.c:106:5:main	16	static
../Core/Src/main.c:166:6:SystemClock_Config	96	static
../Core/Src/main.c:217:13:MX_TIM2_Init	72	static
../Core/Src/main.c:290:13:MX_TIM3_Init	64	static
../Core/Src/main.c:349:13:MX_USART1_UART_Init	8	static
../Core/Src/main.c:397:13:MX_GPIO_Init	40	static
../Core/Src/main.c:424:6:HAL_TIM_IC_CaptureCallback	16	static
../Core/Src/main.c:439:6:Error_Handler	4	static,ignoring_inline_asm
